
./build/.objs/micro_kernel.elf/linux/x86-64/release/source/kernel/memory/allocator/page.cpp.o:     file format elf64-x86-64

 
Disassembly of section .text:

0000000000000000 <_ZN6Memory4Page22page_memory_initializeEP22limine_memmap_response>:
   0:	55                   	push   %rbp
   1:	48 89 e5             	mov    %rsp,%rbp
   4:	48 81 e4 00 ff ff ff 	and    $0xffffffffffffff00,%rsp
   b:	48 81 ec 00 04 00 00 	sub    $0x400,%rsp
  12:	48 89 bc 24 e0 03 00 	mov    %rdi,0x3e0(%rsp)
  19:	00 
  1a:	8a 05 00 00 00 00    	mov    0x0(%rip),%al        # 20 <_ZN6Memory4Page22page_memory_initializeEP22limine_memmap_response+0x20>
  20:	3c 00                	cmp    $0x0,%al
  22:	75 68                	jne    8c <_ZN6Memory4Page22page_memory_initializeEP22limine_memmap_response+0x8c>
  24:	48 8d 05 00 00 00 00 	lea    0x0(%rip),%rax        # 2b <_ZN6Memory4Page22page_memory_initializeEP22limine_memmap_response+0x2b>
  2b:	48 89 84 24 10 01 00 	mov    %rax,0x110(%rsp)
  32:	00 
  33:	eb 00                	jmp    35 <_ZN6Memory4Page22page_memory_initializeEP22limine_memmap_response+0x35>
  35:	48 8b bc 24 10 01 00 	mov    0x110(%rsp),%rdi
  3c:	00 
  3d:	48 89 bc 24 08 01 00 	mov    %rdi,0x108(%rsp)
  44:	00 
  45:	31 f6                	xor    %esi,%esi
  47:	ba 00 01 00 00       	mov    $0x100,%edx
  4c:	e8 00 00 00 00       	call   51 <_ZN6Memory4Page22page_memory_initializeEP22limine_memmap_response+0x51>
  51:	48 8b bc 24 08 01 00 	mov    0x108(%rsp),%rdi
  58:	00 
  59:	e8 00 00 00 00       	call   5e <_ZN6Memory4Page22page_memory_initializeEP22limine_memmap_response+0x5e>
  5e:	48 8b 84 24 08 01 00 	mov    0x108(%rsp),%rax
  65:	00 
  66:	48 05 00 01 00 00    	add    $0x100,%rax
  6c:	48 8d 15 00 00 00 00 	lea    0x0(%rip),%rdx        # 73 <_ZN6Memory4Page22page_memory_initializeEP22limine_memmap_response+0x73>
  73:	48 89 c1             	mov    %rax,%rcx
  76:	48 29 d1             	sub    %rdx,%rcx
  79:	48 89 84 24 10 01 00 	mov    %rax,0x110(%rsp)
  80:	00 
  81:	75 b2                	jne    35 <_ZN6Memory4Page22page_memory_initializeEP22limine_memmap_response+0x35>
  83:	eb 00                	jmp    85 <_ZN6Memory4Page22page_memory_initializeEP22limine_memmap_response+0x85>
  85:	c6 05 00 00 00 00 01 	movb   $0x1,0x0(%rip)        # 8c <_ZN6Memory4Page22page_memory_initializeEP22limine_memmap_response+0x8c>
  8c:	48 c7 84 24 d8 03 00 	movq   $0x0,0x3d8(%rsp)
  93:	00 00 00 00 00 
  98:	48 8d 05 00 00 00 00 	lea    0x0(%rip),%rax        # 9f <_ZN6Memory4Page22page_memory_initializeEP22limine_memmap_response+0x9f>
  9f:	48 89 84 24 d0 03 00 	mov    %rax,0x3d0(%rsp)
  a6:	00 
  a7:	48 89 84 24 c8 03 00 	mov    %rax,0x3c8(%rsp)
  ae:	00 
  af:	48 8d 05 00 00 00 00 	lea    0x0(%rip),%rax        # b6 <_ZN6Memory4Page22page_memory_initializeEP22limine_memmap_response+0xb6>
  b6:	48 89 84 24 c0 03 00 	mov    %rax,0x3c0(%rsp)
  bd:	00 
  be:	48 8b 84 24 c8 03 00 	mov    0x3c8(%rsp),%rax
  c5:	00 
  c6:	48 3b 84 24 c0 03 00 	cmp    0x3c0(%rsp),%rax
  cd:	00 
  ce:	74 67                	je     137 <_ZN6Memory4Page22page_memory_initializeEP22limine_memmap_response+0x137>
  d0:	48 8b b4 24 c8 03 00 	mov    0x3c8(%rsp),%rsi
  d7:	00 
  d8:	48 8d bc 24 00 02 00 	lea    0x200(%rsp),%rdi
  df:	00 
  e0:	ba 00 01 00 00       	mov    $0x100,%edx
  e5:	e8 00 00 00 00       	call   ea <_ZN6Memory4Page22page_memory_initializeEP22limine_memmap_response+0xea>
  ea:	48 8d 05 00 00 00 00 	lea    0x0(%rip),%rax        # f1 <_ZN6Memory4Page22page_memory_initializeEP22limine_memmap_response+0xf1>
  f1:	48 89 84 24 38 02 00 	mov    %rax,0x238(%rsp)
  f8:	00 
  f9:	48 8b 84 24 d8 03 00 	mov    0x3d8(%rsp),%rax
 100:	00 
 101:	48 89 84 24 40 02 00 	mov    %rax,0x240(%rsp)
 108:	00 
 109:	48 8b 84 24 d8 03 00 	mov    0x3d8(%rsp),%rax
 110:	00 
 111:	48 05 00 04 00 00    	add    $0x400,%rax
 117:	48 89 84 24 d8 03 00 	mov    %rax,0x3d8(%rsp)
 11e:	00 
 11f:	48 8b 84 24 c8 03 00 	mov    0x3c8(%rsp),%rax
 126:	00 
 127:	48 05 00 01 00 00    	add    $0x100,%rax
 12d:	48 89 84 24 c8 03 00 	mov    %rax,0x3c8(%rsp)
 134:	00 
 135:	eb 87                	jmp    be <_ZN6Memory4Page22page_memory_initializeEP22limine_memmap_response+0xbe>
 137:	48 8d 15 00 00 00 00 	lea    0x0(%rip),%rdx        # 13e <_ZN6Memory4Page22page_memory_initializeEP22limine_memmap_response+0x13e>
 13e:	48 8b 05 00 00 00 00 	mov    0x0(%rip),%rax        # 145 <_ZN6Memory4Page22page_memory_initializeEP22limine_memmap_response+0x145>
 145:	48 05 00 fc 0f 00    	add    $0xffc00,%rax
 14b:	48 89 84 24 f8 01 00 	mov    %rax,0x1f8(%rsp)
 152:	00 
 153:	48 8d 3d 00 00 00 00 	lea    0x0(%rip),%rdi        # 15a <_ZN6Memory4Page22page_memory_initializeEP22limine_memmap_response+0x15a>
 15a:	48 89 bc 24 00 01 00 	mov    %rdi,0x100(%rsp)
 161:	00 
 162:	48 8d b4 24 f8 01 00 	lea    0x1f8(%rsp),%rsi
 169:	00 
 16a:	e8 00 00 00 00       	call   16f <_ZN6Memory4Page22page_memory_initializeEP22limine_memmap_response+0x16f>
 16f:	48 8b 3d 00 00 00 00 	mov    0x0(%rip),%rdi        # 176 <_ZN6Memory4Page22page_memory_initializeEP22limine_memmap_response+0x176>
 176:	e8 00 00 00 00       	call   17b <_ZN6Memory4Page22page_memory_initializeEP22limine_memmap_response+0x17b>
 17b:	48 8b 84 24 00 01 00 	mov    0x100(%rsp),%rax
 182:	00 
 183:	48 89 84 24 e8 03 00 	mov    %rax,0x3e8(%rsp)
 18a:	00 
 18b:	48 8b 94 24 e8 03 00 	mov    0x3e8(%rsp),%rdx
 192:	00 
 193:	48 8b 35 00 00 00 00 	mov    0x0(%rip),%rsi        # 19a <_ZN6Memory4Page22page_memory_initializeEP22limine_memmap_response+0x19a>
 19a:	48 8d bc 24 e0 01 00 	lea    0x1e0(%rsp),%rdi
 1a1:	00 
 1a2:	e8 00 00 00 00       	call   1a7 <_ZN6Memory4Page22page_memory_initializeEP22limine_memmap_response+0x1a7>
 1a7:	c7 84 24 dc 01 00 00 	movl   $0x0,0x1dc(%rsp)
 1ae:	00 00 00 00 
 1b2:	48 63 84 24 dc 01 00 	movslq 0x1dc(%rsp),%rax
 1b9:	00 
 1ba:	48 8b 8c 24 e0 03 00 	mov    0x3e0(%rsp),%rcx
 1c1:	00 
 1c2:	48 3b 41 08          	cmp    0x8(%rcx),%rax
 1c6:	0f 83 06 02 00 00    	jae    3d2 <_ZN6Memory4Page22page_memory_initializeEP22limine_memmap_response+0x3d2>
 1cc:	48 8b 84 24 e0 03 00 	mov    0x3e0(%rsp),%rax
 1d3:	00 
 1d4:	48 8b 40 10          	mov    0x10(%rax),%rax
 1d8:	48 63 8c 24 dc 01 00 	movslq 0x1dc(%rsp),%rcx
 1df:	00 
 1e0:	48 8b 04 c8          	mov    (%rax,%rcx,8),%rax
 1e4:	48 89 84 24 d0 01 00 	mov    %rax,0x1d0(%rsp)
 1eb:	00 
 1ec:	48 8b 84 24 d0 01 00 	mov    0x1d0(%rsp),%rax
 1f3:	00 
 1f4:	48 8b 08             	mov    (%rax),%rcx
 1f7:	48 8b 40 08          	mov    0x8(%rax),%rax
 1fb:	48 01 c1             	add    %rax,%rcx
 1fe:	48 8b 05 00 00 00 00 	mov    0x0(%rip),%rax        # 205 <_ZN6Memory4Page22page_memory_initializeEP22limine_memmap_response+0x205>
 205:	48 89 08             	mov    %rcx,(%rax)
 208:	48 8b 84 24 d0 01 00 	mov    0x1d0(%rsp),%rax
 20f:	00 
 210:	48 8b 40 10          	mov    0x10(%rax),%rax
 214:	48 89 84 24 f8 00 00 	mov    %rax,0xf8(%rsp)
 21b:	00 
 21c:	48 85 c0             	test   %rax,%rax
 21f:	74 69                	je     28a <_ZN6Memory4Page22page_memory_initializeEP22limine_memmap_response+0x28a>
 221:	eb 00                	jmp    223 <_ZN6Memory4Page22page_memory_initializeEP22limine_memmap_response+0x223>
 223:	48 8b 84 24 f8 00 00 	mov    0xf8(%rsp),%rax
 22a:	00 
 22b:	48 83 e8 01          	sub    $0x1,%rax
 22f:	0f 84 e3 00 00 00    	je     318 <_ZN6Memory4Page22page_memory_initializeEP22limine_memmap_response+0x318>
 235:	eb 00                	jmp    237 <_ZN6Memory4Page22page_memory_initializeEP22limine_memmap_response+0x237>
 237:	48 8b 84 24 f8 00 00 	mov    0xf8(%rsp),%rax
 23e:	00 
 23f:	48 83 e8 02          	sub    $0x2,%rax
 243:	74 45                	je     28a <_ZN6Memory4Page22page_memory_initializeEP22limine_memmap_response+0x28a>
 245:	eb 00                	jmp    247 <_ZN6Memory4Page22page_memory_initializeEP22limine_memmap_response+0x247>
 247:	48 8b 84 24 f8 00 00 	mov    0xf8(%rsp),%rax
 24e:	00 
 24f:	48 83 c0 fd          	add    $0xfffffffffffffffd,%rax
 253:	48 83 e8 02          	sub    $0x2,%rax
 257:	0f 82 bb 00 00 00    	jb     318 <_ZN6Memory4Page22page_memory_initializeEP22limine_memmap_response+0x318>
 25d:	eb 00                	jmp    25f <_ZN6Memory4Page22page_memory_initializeEP22limine_memmap_response+0x25f>
 25f:	48 8b 84 24 f8 00 00 	mov    0xf8(%rsp),%rax
 266:	00 
 267:	48 83 e8 05          	sub    $0x5,%rax
 26b:	74 1d                	je     28a <_ZN6Memory4Page22page_memory_initializeEP22limine_memmap_response+0x28a>
 26d:	eb 00                	jmp    26f <_ZN6Memory4Page22page_memory_initializeEP22limine_memmap_response+0x26f>
 26f:	48 8b 84 24 f8 00 00 	mov    0xf8(%rsp),%rax
 276:	00 
 277:	48 83 c0 fa          	add    $0xfffffffffffffffa,%rax
 27b:	48 83 e8 02          	sub    $0x2,%rax
 27f:	0f 82 93 00 00 00    	jb     318 <_ZN6Memory4Page22page_memory_initializeEP22limine_memmap_response+0x318>
 285:	e9 30 01 00 00       	jmp    3ba <_ZN6Memory4Page22page_memory_initializeEP22limine_memmap_response+0x3ba>
 28a:	48 8b 84 24 d0 01 00 	mov    0x1d0(%rsp),%rax
 291:	00 
 292:	48 8b 00             	mov    (%rax),%rax
 295:	48 05 ff 03 00 00    	add    $0x3ff,%rax
 29b:	48 c1 e8 0a          	shr    $0xa,%rax
 29f:	48 89 84 24 c8 01 00 	mov    %rax,0x1c8(%rsp)
 2a6:	00 
 2a7:	48 8b 84 24 d0 01 00 	mov    0x1d0(%rsp),%rax
 2ae:	00 
 2af:	48 8b 00             	mov    (%rax),%rax
 2b2:	48 8b 8c 24 d0 01 00 	mov    0x1d0(%rsp),%rcx
 2b9:	00 
 2ba:	48 03 41 08          	add    0x8(%rcx),%rax
 2be:	48 c1 e8 0a          	shr    $0xa,%rax
 2c2:	48 89 84 24 c0 01 00 	mov    %rax,0x1c0(%rsp)
 2c9:	00 
 2ca:	48 8b 84 24 c0 01 00 	mov    0x1c0(%rsp),%rax
 2d1:	00 
 2d2:	48 3b 84 24 c8 01 00 	cmp    0x1c8(%rsp),%rax
 2d9:	00 
 2da:	72 37                	jb     313 <_ZN6Memory4Page22page_memory_initializeEP22limine_memmap_response+0x313>
 2dc:	48 8b 84 24 c0 01 00 	mov    0x1c0(%rsp),%rax
 2e3:	00 
 2e4:	48 8b 8c 24 c8 01 00 	mov    0x1c8(%rsp),%rcx
 2eb:	00 
 2ec:	48 29 c8             	sub    %rcx,%rax
 2ef:	48 89 84 24 b8 01 00 	mov    %rax,0x1b8(%rsp)
 2f6:	00 
 2f7:	48 8b 94 24 b8 01 00 	mov    0x1b8(%rsp),%rdx
 2fe:	00 
 2ff:	48 c1 e2 0a          	shl    $0xa,%rdx
 303:	48 8b 05 00 00 00 00 	mov    0x0(%rip),%rax        # 30a <_ZN6Memory4Page22page_memory_initializeEP22limine_memmap_response+0x30a>
 30a:	48 8b 08             	mov    (%rax),%rcx
 30d:	48 01 d1             	add    %rdx,%rcx
 310:	48 89 08             	mov    %rcx,(%rax)
 313:	e9 a2 00 00 00       	jmp    3ba <_ZN6Memory4Page22page_memory_initializeEP22limine_memmap_response+0x3ba>
 318:	48 8b 84 24 d0 01 00 	mov    0x1d0(%rsp),%rax
 31f:	00 
 320:	48 8b 00             	mov    (%rax),%rax
 323:	48 c1 e8 14          	shr    $0x14,%rax
 327:	48 89 84 24 b0 01 00 	mov    %rax,0x1b0(%rsp)
 32e:	00 
 32f:	48 8b 84 24 d0 01 00 	mov    0x1d0(%rsp),%rax
 336:	00 
 337:	8b 00                	mov    (%rax),%eax
 339:	c1 e8 0a             	shr    $0xa,%eax
 33c:	25 ff 03 00 00       	and    $0x3ff,%eax
 341:	48 89 84 24 a8 01 00 	mov    %rax,0x1a8(%rsp)
 348:	00 
 349:	48 8b 84 24 d0 01 00 	mov    0x1d0(%rsp),%rax
 350:	00 
 351:	48 8b 00             	mov    (%rax),%rax
 354:	48 c1 e8 0a          	shr    $0xa,%rax
 358:	48 89 84 24 a0 01 00 	mov    %rax,0x1a0(%rsp)
 35f:	00 
 360:	48 8b 8c 24 d0 01 00 	mov    0x1d0(%rsp),%rcx
 367:	00 
 368:	48 8b 01             	mov    (%rcx),%rax
 36b:	48 8b 49 08          	mov    0x8(%rcx),%rcx
 36f:	48 8d 84 08 ff 03 00 	lea    0x3ff(%rax,%rcx,1),%rax
 376:	00 
 377:	48 c1 e8 0a          	shr    $0xa,%rax
 37b:	48 89 84 24 98 01 00 	mov    %rax,0x198(%rsp)
 382:	00 
 383:	48 8b 84 24 b0 01 00 	mov    0x1b0(%rsp),%rax
 38a:	00 
 38b:	48 c1 e0 08          	shl    $0x8,%rax
 38f:	48 8d 3d 00 00 00 00 	lea    0x0(%rip),%rdi        # 396 <_ZN6Memory4Page22page_memory_initializeEP22limine_memmap_response+0x396>
 396:	48 01 c7             	add    %rax,%rdi
 399:	48 83 c7 50          	add    $0x50,%rdi
 39d:	48 8b b4 24 a8 01 00 	mov    0x1a8(%rsp),%rsi
 3a4:	00 
 3a5:	48 8b 94 24 98 01 00 	mov    0x198(%rsp),%rdx
 3ac:	00 
 3ad:	48 2b 94 24 a0 01 00 	sub    0x1a0(%rsp),%rdx
 3b4:	00 
 3b5:	e8 00 00 00 00       	call   3ba <_ZN6Memory4Page22page_memory_initializeEP22limine_memmap_response+0x3ba>
 3ba:	eb 00                	jmp    3bc <_ZN6Memory4Page22page_memory_initializeEP22limine_memmap_response+0x3bc>
 3bc:	8b 84 24 dc 01 00 00 	mov    0x1dc(%rsp),%eax
 3c3:	83 c0 01             	add    $0x1,%eax
 3c6:	89 84 24 dc 01 00 00 	mov    %eax,0x1dc(%rsp)
 3cd:	e9 e0 fd ff ff       	jmp    1b2 <_ZN6Memory4Page22page_memory_initializeEP22limine_memmap_response+0x1b2>
 3d2:	48 8d bc 24 1f 01 00 	lea    0x11f(%rsp),%rdi
 3d9:	00 
 3da:	e8 00 00 00 00       	call   3df <_ZN6Memory4Page22page_memory_initializeEP22limine_memmap_response+0x3df>
 3df:	48 8d 35 00 00 00 00 	lea    0x0(%rip),%rsi        # 3e6 <_ZN6Memory4Page22page_memory_initializeEP22limine_memmap_response+0x3e6>
 3e6:	48 8d bc 24 1f 01 00 	lea    0x11f(%rsp),%rdi
 3ed:	00 
 3ee:	e8 00 00 00 00       	call   3f3 <_ZN6Memory4Page22page_memory_initializeEP22limine_memmap_response+0x3f3>
 3f3:	48 89 ec             	mov    %rbp,%rsp
 3f6:	5d                   	pop    %rbp
 3f7:	c3                   	ret

Disassembly of section .group:

0000000000000000 <.group>:
   0:	01 00                	add    %eax,(%rax)
   2:	00 00                	add    %al,(%rax)
   4:	05 00 00 00 06       	add    $0x6000000,%eax
   9:	00 00                	add    %al,(%rax)
	...

Disassembly of section .text._ZN6Memory4Page9allocatorILNS0_4TypeE0EE4zoneC2Ev:

0000000000000000 <_ZN6Memory4Page9allocatorILNS0_4TypeE0EE4zoneC2Ev>:
   0:	55                   	push   %rbp
   1:	48 89 e5             	mov    %rsp,%rbp
   4:	48 83 ec 10          	sub    $0x10,%rsp
   8:	48 89 7d f8          	mov    %rdi,-0x8(%rbp)
   c:	48 8b 7d f8          	mov    -0x8(%rbp),%rdi
  10:	48 89 7d f0          	mov    %rdi,-0x10(%rbp)
  14:	48 83 c7 08          	add    $0x8,%rdi
  18:	e8 00 00 00 00       	call   1d <_ZN6Memory4Page9allocatorILNS0_4TypeE0EE4zoneC2Ev+0x1d>
  1d:	48 8b 7d f0          	mov    -0x10(%rbp),%rdi
  21:	48 83 c7 50          	add    $0x50,%rdi
  25:	e8 00 00 00 00       	call   2a <_ZN6Memory4Page9allocatorILNS0_4TypeE0EE4zoneC2Ev+0x2a>
  2a:	48 83 c4 10          	add    $0x10,%rsp
  2e:	5d                   	pop    %rbp
  2f:	c3                   	ret

Disassembly of section .group:

0000000000000000 <.group>:
   0:	01 00                	add    %eax,(%rax)
   2:	00 00                	add    %al,(%rax)
   4:	08 00                	or     %al,(%rax)
   6:	00 00                	add    %al,(%rax)
   8:	09 00                	or     %eax,(%rax)
	...

Disassembly of section .text._ZSt12construct_atIN7Library6RBTreeImPN6Memory4Page9allocatorILNS3_4TypeE0EE4zoneEE10RBTreeNodeEJmRA128_S7_EQaant20is_unbounded_array_vIT_ErqXgsnwcvPvLi0E_SD_pispclsr3stdE7declvalIT0_EEEEEPSD_SG_DpOSF_:

0000000000000000 <_ZSt12construct_atIN7Library6RBTreeImPN6Memory4Page9allocatorILNS3_4TypeE0EE4zoneEE10RBTreeNodeEJmRA128_S7_EQaant20is_unbounded_array_vIT_ErqXgsnwcvPvLi0E_SD_pispclsr3stdE7declvalIT0_EEEEEPSD_SG_DpOSF_>:
   0:	55                   	push   %rbp
   1:	48 89 e5             	mov    %rsp,%rbp
   4:	48 83 ec 40          	sub    $0x40,%rsp
   8:	48 89 7d e8          	mov    %rdi,-0x18(%rbp)
   c:	48 89 75 e0          	mov    %rsi,-0x20(%rbp)
  10:	48 89 55 d8          	mov    %rdx,-0x28(%rbp)
  14:	48 8b 45 e8          	mov    -0x18(%rbp),%rax
  18:	48 89 45 d0          	mov    %rax,-0x30(%rbp)
  1c:	48 8b 7d d0          	mov    -0x30(%rbp),%rdi
  20:	48 89 7d c0          	mov    %rdi,-0x40(%rbp)
  24:	48 8b 45 e0          	mov    -0x20(%rbp),%rax
  28:	48 89 45 f0          	mov    %rax,-0x10(%rbp)
  2c:	48 8b 75 f0          	mov    -0x10(%rbp),%rsi
  30:	48 8b 45 d8          	mov    -0x28(%rbp),%rax
  34:	48 89 45 f8          	mov    %rax,-0x8(%rbp)
  38:	48 8b 45 f8          	mov    -0x8(%rbp),%rax
  3c:	48 89 45 c8          	mov    %rax,-0x38(%rbp)
  40:	48 8d 55 c8          	lea    -0x38(%rbp),%rdx
  44:	e8 00 00 00 00       	call   49 <_ZSt12construct_atIN7Library6RBTreeImPN6Memory4Page9allocatorILNS3_4TypeE0EE4zoneEE10RBTreeNodeEJmRA128_S7_EQaant20is_unbounded_array_vIT_ErqXgsnwcvPvLi0E_SD_pispclsr3stdE7declvalIT0_EEEEEPSD_SG_DpOSF_+0x49>
  49:	48 8b 45 c0          	mov    -0x40(%rbp),%rax
  4d:	48 83 c4 40          	add    $0x40,%rsp
  51:	5d                   	pop    %rbp
  52:	c3                   	ret

Disassembly of section .group:

0000000000000000 <.group>:
   0:	01 00                	add    %eax,(%rax)
   2:	00 00                	add    %al,(%rax)
   4:	0b 00                	or     (%rax),%eax
   6:	00 00                	add    %al,(%rax)
   8:	0c 00                	or     $0x0,%al
	...

Disassembly of section .text._ZSt12construct_atIN7Library6RBTreeImPN6Memory4Page9allocatorILNS3_4TypeE0EE4zoneEEEJEQaant20is_unbounded_array_vIT_ErqXgsnwcvPvLi0E_SA_pispclsr3stdE7declvalIT0_EEEEEPSA_SD_DpOSC_:

0000000000000000 <_ZSt12construct_atIN7Library6RBTreeImPN6Memory4Page9allocatorILNS3_4TypeE0EE4zoneEEEJEQaant20is_unbounded_array_vIT_ErqXgsnwcvPvLi0E_SA_pispclsr3stdE7declvalIT0_EEEEEPSA_SD_DpOSC_>:
   0:	55                   	push   %rbp
   1:	48 89 e5             	mov    %rsp,%rbp
   4:	48 83 ec 20          	sub    $0x20,%rsp
   8:	48 89 7d f8          	mov    %rdi,-0x8(%rbp)
   c:	48 8b 45 f8          	mov    -0x8(%rbp),%rax
  10:	48 89 45 f0          	mov    %rax,-0x10(%rbp)
  14:	48 8b 7d f0          	mov    -0x10(%rbp),%rdi
  18:	48 89 7d e8          	mov    %rdi,-0x18(%rbp)
  1c:	31 c0                	xor    %eax,%eax
  1e:	48 c7 47 30 00 00 00 	movq   $0x0,0x30(%rdi)
  25:	00 
  26:	48 c7 47 28 00 00 00 	movq   $0x0,0x28(%rdi)
  2d:	00 
  2e:	48 c7 47 20 00 00 00 	movq   $0x0,0x20(%rdi)
  35:	00 
  36:	48 c7 47 18 00 00 00 	movq   $0x0,0x18(%rdi)
  3d:	00 
  3e:	48 c7 47 10 00 00 00 	movq   $0x0,0x10(%rdi)
  45:	00 
  46:	48 c7 47 08 00 00 00 	movq   $0x0,0x8(%rdi)
  4d:	00 
  4e:	48 c7 07 00 00 00 00 	movq   $0x0,(%rdi)
  55:	e8 00 00 00 00       	call   5a <_ZSt12construct_atIN7Library6RBTreeImPN6Memory4Page9allocatorILNS3_4TypeE0EE4zoneEEEJEQaant20is_unbounded_array_vIT_ErqXgsnwcvPvLi0E_SA_pispclsr3stdE7declvalIT0_EEEEEPSA_SD_DpOSC_+0x5a>
  5a:	48 8b 45 e8          	mov    -0x18(%rbp),%rax
  5e:	48 83 c4 20          	add    $0x20,%rsp
  62:	5d                   	pop    %rbp
  63:	c3                   	ret

Disassembly of section .group:

0000000000000000 <.group>:
   0:	01 00                	add    %eax,(%rax)
   2:	00 00                	add    %al,(%rax)
   4:	0e                   	(bad)
   5:	00 00                	add    %al,(%rax)
   7:	00 0f                	add    %cl,(%rdi)
   9:	00 00                	add    %al,(%rax)
	...

Disassembly of section .text._ZN7Library6RBTreeImPN6Memory4Page9allocatorILNS2_4TypeE0EE4zoneEE6insertEONS8_10RBTreeNodeE:

0000000000000000 <_ZN7Library6RBTreeImPN6Memory4Page9allocatorILNS2_4TypeE0EE4zoneEE6insertEONS8_10RBTreeNodeE>:
   0:	55                   	push   %rbp
   1:	48 89 e5             	mov    %rsp,%rbp
   4:	48 81 ec 20 01 00 00 	sub    $0x120,%rsp
   b:	48 89 bd 58 ff ff ff 	mov    %rdi,-0xa8(%rbp)
  12:	48 89 bd 60 ff ff ff 	mov    %rdi,-0xa0(%rbp)
  19:	48 89 75 f8          	mov    %rsi,-0x8(%rbp)
  1d:	48 89 55 f0          	mov    %rdx,-0x10(%rbp)
  21:	48 8b 45 f8          	mov    -0x8(%rbp),%rax
  25:	48 89 85 68 ff ff ff 	mov    %rax,-0x98(%rbp)
  2c:	48 83 38 00          	cmpq   $0x0,(%rax)
  30:	0f 85 87 00 00 00    	jne    bd <_ZN7Library6RBTreeImPN6Memory4Page9allocatorILNS2_4TypeE0EE4zoneEE6insertEONS8_10RBTreeNodeE+0xbd>
  36:	48 8b 85 68 ff ff ff 	mov    -0x98(%rbp),%rax
  3d:	48 89 c1             	mov    %rax,%rcx
  40:	48 83 c1 08          	add    $0x8,%rcx
  44:	48 89 08             	mov    %rcx,(%rax)
  47:	48 8b 00             	mov    (%rax),%rax
  4a:	48 89 85 48 ff ff ff 	mov    %rax,-0xb8(%rbp)
  51:	48 8b 7d f0          	mov    -0x10(%rbp),%rdi
  55:	e8 00 00 00 00       	call   5a <_ZN7Library6RBTreeImPN6Memory4Page9allocatorILNS2_4TypeE0EE4zoneEE6insertEONS8_10RBTreeNodeE+0x5a>
  5a:	48 89 85 50 ff ff ff 	mov    %rax,-0xb0(%rbp)
  61:	48 8b 7d f0          	mov    -0x10(%rbp),%rdi
  65:	e8 00 00 00 00       	call   6a <_ZN7Library6RBTreeImPN6Memory4Page9allocatorILNS2_4TypeE0EE4zoneEE6insertEONS8_10RBTreeNodeE+0x6a>
  6a:	48 8b bd 48 ff ff ff 	mov    -0xb8(%rbp),%rdi
  71:	48 8b b5 50 ff ff ff 	mov    -0xb0(%rbp),%rsi
  78:	48 89 c2             	mov    %rax,%rdx
  7b:	e8 00 00 00 00       	call   80 <_ZN7Library6RBTreeImPN6Memory4Page9allocatorILNS2_4TypeE0EE4zoneEE6insertEONS8_10RBTreeNodeE+0x80>
  80:	48 8b 85 68 ff ff ff 	mov    -0x98(%rbp),%rax
  87:	48 8b 08             	mov    (%rax),%rcx
  8a:	c7 41 10 01 00 00 00 	movl   $0x1,0x10(%rcx)
  91:	48 8b 30             	mov    (%rax),%rsi
  94:	48 8b 10             	mov    (%rax),%rdx
  97:	48 8d 7d e0          	lea    -0x20(%rbp),%rdi
  9b:	e8 00 00 00 00       	call   a0 <_ZN7Library6RBTreeImPN6Memory4Page9allocatorILNS2_4TypeE0EE4zoneEE6insertEONS8_10RBTreeNodeE+0xa0>
  a0:	48 8b bd 58 ff ff ff 	mov    -0xa8(%rbp),%rdi
  a7:	c6 45 df 01          	movb   $0x1,-0x21(%rbp)
  ab:	48 8d 75 e0          	lea    -0x20(%rbp),%rsi
  af:	48 8d 55 df          	lea    -0x21(%rbp),%rdx
  b3:	e8 00 00 00 00       	call   b8 <_ZN7Library6RBTreeImPN6Memory4Page9allocatorILNS2_4TypeE0EE4zoneEE6insertEONS8_10RBTreeNodeE+0xb8>
  b8:	e9 7a 04 00 00       	jmp    537 <_ZN7Library6RBTreeImPN6Memory4Page9allocatorILNS2_4TypeE0EE4zoneEE6insertEONS8_10RBTreeNodeE+0x537>
  bd:	48 8b 85 68 ff ff ff 	mov    -0x98(%rbp),%rax
  c4:	48 8b 00             	mov    (%rax),%rax
  c7:	48 89 45 d0          	mov    %rax,-0x30(%rbp)
  cb:	48 c7 45 c8 00 00 00 	movq   $0x0,-0x38(%rbp)
  d2:	00 
  d3:	48 83 7d d0 00       	cmpq   $0x0,-0x30(%rbp)
  d8:	0f 84 b0 01 00 00    	je     28e <_ZN7Library6RBTreeImPN6Memory4Page9allocatorILNS2_4TypeE0EE4zoneEE6insertEONS8_10RBTreeNodeE+0x28e>
  de:	48 8b 45 d0          	mov    -0x30(%rbp),%rax
  e2:	48 89 45 c8          	mov    %rax,-0x38(%rbp)
  e6:	48 8b 7d d0          	mov    -0x30(%rbp),%rdi
  ea:	e8 00 00 00 00       	call   ef <_ZN7Library6RBTreeImPN6Memory4Page9allocatorILNS2_4TypeE0EE4zoneEE6insertEONS8_10RBTreeNodeE+0xef>
  ef:	48 8b 00             	mov    (%rax),%rax
  f2:	48 89 85 30 ff ff ff 	mov    %rax,-0xd0(%rbp)
  f9:	48 8b 7d f0          	mov    -0x10(%rbp),%rdi
  fd:	e8 00 00 00 00       	call   102 <_ZN7Library6RBTreeImPN6Memory4Page9allocatorILNS2_4TypeE0EE4zoneEE6insertEONS8_10RBTreeNodeE+0x102>
 102:	48 8b 8d 30 ff ff ff 	mov    -0xd0(%rbp),%rcx
 109:	48 8b 10             	mov    (%rax),%rdx
 10c:	48 89 95 38 ff ff ff 	mov    %rdx,-0xc8(%rbp)
 113:	b0 ff                	mov    $0xff,%al
 115:	40 b6 01             	mov    $0x1,%sil
 118:	40 88 b5 46 ff ff ff 	mov    %sil,-0xba(%rbp)
 11f:	48 39 d1             	cmp    %rdx,%rcx
 122:	88 85 47 ff ff ff    	mov    %al,-0xb9(%rbp)
 128:	72 0c                	jb     136 <_ZN7Library6RBTreeImPN6Memory4Page9allocatorILNS2_4TypeE0EE4zoneEE6insertEONS8_10RBTreeNodeE+0x136>
 12a:	8a 85 46 ff ff ff    	mov    -0xba(%rbp),%al
 130:	88 85 47 ff ff ff    	mov    %al,-0xb9(%rbp)
 136:	48 8b 8d 30 ff ff ff 	mov    -0xd0(%rbp),%rcx
 13d:	48 8b 95 38 ff ff ff 	mov    -0xc8(%rbp),%rdx
 144:	8a 85 47 ff ff ff    	mov    -0xb9(%rbp),%al
 14a:	88 85 2e ff ff ff    	mov    %al,-0xd2(%rbp)
 150:	31 c0                	xor    %eax,%eax
 152:	48 39 d1             	cmp    %rdx,%rcx
 155:	88 85 2f ff ff ff    	mov    %al,-0xd1(%rbp)
 15b:	74 0c                	je     169 <_ZN7Library6RBTreeImPN6Memory4Page9allocatorILNS2_4TypeE0EE4zoneEE6insertEONS8_10RBTreeNodeE+0x169>
 15d:	8a 85 2e ff ff ff    	mov    -0xd2(%rbp),%al
 163:	88 85 2f ff ff ff    	mov    %al,-0xd1(%rbp)
 169:	8a 85 2f ff ff ff    	mov    -0xd1(%rbp),%al
 16f:	88 45 c7             	mov    %al,-0x39(%rbp)
 172:	c6 45 c6 ff          	movb   $0xff,-0x3a(%rbp)
 176:	8a 4d c7             	mov    -0x39(%rbp),%cl
 179:	8a 45 c6             	mov    -0x3a(%rbp),%al
 17c:	0f b6 f9             	movzbl %cl,%edi
 17f:	0f b6 f0             	movzbl %al,%esi
 182:	e8 00 00 00 00       	call   187 <_ZN7Library6RBTreeImPN6Memory4Page9allocatorILNS2_4TypeE0EE4zoneEE6insertEONS8_10RBTreeNodeE+0x187>
 187:	a8 01                	test   $0x1,%al
 189:	75 02                	jne    18d <_ZN7Library6RBTreeImPN6Memory4Page9allocatorILNS2_4TypeE0EE4zoneEE6insertEONS8_10RBTreeNodeE+0x18d>
 18b:	eb 11                	jmp    19e <_ZN7Library6RBTreeImPN6Memory4Page9allocatorILNS2_4TypeE0EE4zoneEE6insertEONS8_10RBTreeNodeE+0x19e>
 18d:	48 8b 45 d0          	mov    -0x30(%rbp),%rax
 191:	48 8b 40 28          	mov    0x28(%rax),%rax
 195:	48 89 45 d0          	mov    %rax,-0x30(%rbp)
 199:	e9 eb 00 00 00       	jmp    289 <_ZN7Library6RBTreeImPN6Memory4Page9allocatorILNS2_4TypeE0EE4zoneEE6insertEONS8_10RBTreeNodeE+0x289>
 19e:	48 8b 7d d0          	mov    -0x30(%rbp),%rdi
 1a2:	e8 00 00 00 00       	call   1a7 <_ZN7Library6RBTreeImPN6Memory4Page9allocatorILNS2_4TypeE0EE4zoneEE6insertEONS8_10RBTreeNodeE+0x1a7>
 1a7:	48 8b 00             	mov    (%rax),%rax
 1aa:	48 89 85 18 ff ff ff 	mov    %rax,-0xe8(%rbp)
 1b1:	48 8b 7d f0          	mov    -0x10(%rbp),%rdi
 1b5:	e8 00 00 00 00       	call   1ba <_ZN7Library6RBTreeImPN6Memory4Page9allocatorILNS2_4TypeE0EE4zoneEE6insertEONS8_10RBTreeNodeE+0x1ba>
 1ba:	48 8b 8d 18 ff ff ff 	mov    -0xe8(%rbp),%rcx
 1c1:	48 8b 10             	mov    (%rax),%rdx
 1c4:	48 89 95 20 ff ff ff 	mov    %rdx,-0xe0(%rbp)
 1cb:	b0 ff                	mov    $0xff,%al
 1cd:	40 b6 01             	mov    $0x1,%sil
 1d0:	40 88 b5 2c ff ff ff 	mov    %sil,-0xd4(%rbp)
 1d7:	48 39 d1             	cmp    %rdx,%rcx
 1da:	88 85 2d ff ff ff    	mov    %al,-0xd3(%rbp)
 1e0:	72 0c                	jb     1ee <_ZN7Library6RBTreeImPN6Memory4Page9allocatorILNS2_4TypeE0EE4zoneEE6insertEONS8_10RBTreeNodeE+0x1ee>
 1e2:	8a 85 2c ff ff ff    	mov    -0xd4(%rbp),%al
 1e8:	88 85 2d ff ff ff    	mov    %al,-0xd3(%rbp)
 1ee:	48 8b 8d 18 ff ff ff 	mov    -0xe8(%rbp),%rcx
 1f5:	48 8b 95 20 ff ff ff 	mov    -0xe0(%rbp),%rdx
 1fc:	8a 85 2d ff ff ff    	mov    -0xd3(%rbp),%al
 202:	88 85 16 ff ff ff    	mov    %al,-0xea(%rbp)
 208:	31 c0                	xor    %eax,%eax
 20a:	48 39 d1             	cmp    %rdx,%rcx
 20d:	88 85 17 ff ff ff    	mov    %al,-0xe9(%rbp)
 213:	74 0c                	je     221 <_ZN7Library6RBTreeImPN6Memory4Page9allocatorILNS2_4TypeE0EE4zoneEE6insertEONS8_10RBTreeNodeE+0x221>
 215:	8a 85 16 ff ff ff    	mov    -0xea(%rbp),%al
 21b:	88 85 17 ff ff ff    	mov    %al,-0xe9(%rbp)
 221:	8a 85 17 ff ff ff    	mov    -0xe9(%rbp),%al
 227:	88 45 c5             	mov    %al,-0x3b(%rbp)
 22a:	c6 45 c4 01          	movb   $0x1,-0x3c(%rbp)
 22e:	8a 4d c5             	mov    -0x3b(%rbp),%cl
 231:	8a 45 c4             	mov    -0x3c(%rbp),%al
 234:	0f b6 f9             	movzbl %cl,%edi
 237:	0f b6 f0             	movzbl %al,%esi
 23a:	e8 00 00 00 00       	call   23f <_ZN7Library6RBTreeImPN6Memory4Page9allocatorILNS2_4TypeE0EE4zoneEE6insertEONS8_10RBTreeNodeE+0x23f>
 23f:	a8 01                	test   $0x1,%al
 241:	75 02                	jne    245 <_ZN7Library6RBTreeImPN6Memory4Page9allocatorILNS2_4TypeE0EE4zoneEE6insertEONS8_10RBTreeNodeE+0x245>
 243:	eb 0e                	jmp    253 <_ZN7Library6RBTreeImPN6Memory4Page9allocatorILNS2_4TypeE0EE4zoneEE6insertEONS8_10RBTreeNodeE+0x253>
 245:	48 8b 45 d0          	mov    -0x30(%rbp),%rax
 249:	48 8b 40 20          	mov    0x20(%rax),%rax
 24d:	48 89 45 d0          	mov    %rax,-0x30(%rbp)
 251:	eb 34                	jmp    287 <_ZN7Library6RBTreeImPN6Memory4Page9allocatorILNS2_4TypeE0EE4zoneEE6insertEONS8_10RBTreeNodeE+0x287>
 253:	48 8b 85 68 ff ff ff 	mov    -0x98(%rbp),%rax
 25a:	48 8b 75 d0          	mov    -0x30(%rbp),%rsi
 25e:	48 8b 10             	mov    (%rax),%rdx
 261:	48 8d 7d b0          	lea    -0x50(%rbp),%rdi
 265:	e8 00 00 00 00       	call   26a <_ZN7Library6RBTreeImPN6Memory4Page9allocatorILNS2_4TypeE0EE4zoneEE6insertEONS8_10RBTreeNodeE+0x26a>
 26a:	48 8b bd 58 ff ff ff 	mov    -0xa8(%rbp),%rdi
 271:	c6 45 af 00          	movb   $0x0,-0x51(%rbp)
 275:	48 8d 75 b0          	lea    -0x50(%rbp),%rsi
 279:	48 8d 55 af          	lea    -0x51(%rbp),%rdx
 27d:	e8 00 00 00 00       	call   282 <_ZN7Library6RBTreeImPN6Memory4Page9allocatorILNS2_4TypeE0EE4zoneEE6insertEONS8_10RBTreeNodeE+0x282>
 282:	e9 b0 02 00 00       	jmp    537 <_ZN7Library6RBTreeImPN6Memory4Page9allocatorILNS2_4TypeE0EE4zoneEE6insertEONS8_10RBTreeNodeE+0x537>
 287:	eb 00                	jmp    289 <_ZN7Library6RBTreeImPN6Memory4Page9allocatorILNS2_4TypeE0EE4zoneEE6insertEONS8_10RBTreeNodeE+0x289>
 289:	e9 45 fe ff ff       	jmp    d3 <_ZN7Library6RBTreeImPN6Memory4Page9allocatorILNS2_4TypeE0EE4zoneEE6insertEONS8_10RBTreeNodeE+0xd3>
 28e:	bf 30 00 00 00       	mov    $0x30,%edi
 293:	e8 00 00 00 00       	call   298 <_ZN7Library6RBTreeImPN6Memory4Page9allocatorILNS2_4TypeE0EE4zoneEE6insertEONS8_10RBTreeNodeE+0x298>
 298:	48 89 85 f8 fe ff ff 	mov    %rax,-0x108(%rbp)
 29f:	48 8b 7d f0          	mov    -0x10(%rbp),%rdi
 2a3:	e8 00 00 00 00       	call   2a8 <_ZN7Library6RBTreeImPN6Memory4Page9allocatorILNS2_4TypeE0EE4zoneEE6insertEONS8_10RBTreeNodeE+0x2a8>
 2a8:	48 89 85 f0 fe ff ff 	mov    %rax,-0x110(%rbp)
 2af:	48 8b 7d f0          	mov    -0x10(%rbp),%rdi
 2b3:	e8 00 00 00 00       	call   2b8 <_ZN7Library6RBTreeImPN6Memory4Page9allocatorILNS2_4TypeE0EE4zoneEE6insertEONS8_10RBTreeNodeE+0x2b8>
 2b8:	48 8b b5 f0 fe ff ff 	mov    -0x110(%rbp),%rsi
 2bf:	48 8b bd f8 fe ff ff 	mov    -0x108(%rbp),%rdi
 2c6:	48 89 c2             	mov    %rax,%rdx
 2c9:	e8 00 00 00 00       	call   2ce <_ZN7Library6RBTreeImPN6Memory4Page9allocatorILNS2_4TypeE0EE4zoneEE6insertEONS8_10RBTreeNodeE+0x2ce>
 2ce:	48 8b 85 f8 fe ff ff 	mov    -0x108(%rbp),%rax
 2d5:	48 89 45 a0          	mov    %rax,-0x60(%rbp)
 2d9:	48 8b 4d c8          	mov    -0x38(%rbp),%rcx
 2dd:	48 8b 45 a0          	mov    -0x60(%rbp),%rax
 2e1:	48 89 48 18          	mov    %rcx,0x18(%rax)
 2e5:	48 8b 7d c8          	mov    -0x38(%rbp),%rdi
 2e9:	e8 00 00 00 00       	call   2ee <_ZN7Library6RBTreeImPN6Memory4Page9allocatorILNS2_4TypeE0EE4zoneEE6insertEONS8_10RBTreeNodeE+0x2ee>
 2ee:	48 8b 00             	mov    (%rax),%rax
 2f1:	48 89 85 00 ff ff ff 	mov    %rax,-0x100(%rbp)
 2f8:	48 8b 7d f0          	mov    -0x10(%rbp),%rdi
 2fc:	e8 00 00 00 00       	call   301 <_ZN7Library6RBTreeImPN6Memory4Page9allocatorILNS2_4TypeE0EE4zoneEE6insertEONS8_10RBTreeNodeE+0x301>
 301:	48 8b 8d 00 ff ff ff 	mov    -0x100(%rbp),%rcx
 308:	48 8b 10             	mov    (%rax),%rdx
 30b:	48 89 95 08 ff ff ff 	mov    %rdx,-0xf8(%rbp)
 312:	b0 ff                	mov    $0xff,%al
 314:	40 b6 01             	mov    $0x1,%sil
 317:	40 88 b5 14 ff ff ff 	mov    %sil,-0xec(%rbp)
 31e:	48 39 d1             	cmp    %rdx,%rcx
 321:	88 85 15 ff ff ff    	mov    %al,-0xeb(%rbp)
 327:	72 0c                	jb     335 <_ZN7Library6RBTreeImPN6Memory4Page9allocatorILNS2_4TypeE0EE4zoneEE6insertEONS8_10RBTreeNodeE+0x335>
 329:	8a 85 14 ff ff ff    	mov    -0xec(%rbp),%al
 32f:	88 85 15 ff ff ff    	mov    %al,-0xeb(%rbp)
 335:	48 8b 8d 00 ff ff ff 	mov    -0x100(%rbp),%rcx
 33c:	48 8b 95 08 ff ff ff 	mov    -0xf8(%rbp),%rdx
 343:	8a 85 15 ff ff ff    	mov    -0xeb(%rbp),%al
 349:	88 85 ee fe ff ff    	mov    %al,-0x112(%rbp)
 34f:	31 c0                	xor    %eax,%eax
 351:	48 39 d1             	cmp    %rdx,%rcx
 354:	88 85 ef fe ff ff    	mov    %al,-0x111(%rbp)
 35a:	74 0c                	je     368 <_ZN7Library6RBTreeImPN6Memory4Page9allocatorILNS2_4TypeE0EE4zoneEE6insertEONS8_10RBTreeNodeE+0x368>
 35c:	8a 85 ee fe ff ff    	mov    -0x112(%rbp),%al
 362:	88 85 ef fe ff ff    	mov    %al,-0x111(%rbp)
 368:	8a 85 ef fe ff ff    	mov    -0x111(%rbp),%al
 36e:	88 45 9f             	mov    %al,-0x61(%rbp)
 371:	c6 45 9e ff          	movb   $0xff,-0x62(%rbp)
 375:	8a 4d 9f             	mov    -0x61(%rbp),%cl
 378:	8a 45 9e             	mov    -0x62(%rbp),%al
 37b:	0f b6 f9             	movzbl %cl,%edi
 37e:	0f b6 f0             	movzbl %al,%esi
 381:	e8 00 00 00 00       	call   386 <_ZN7Library6RBTreeImPN6Memory4Page9allocatorILNS2_4TypeE0EE4zoneEE6insertEONS8_10RBTreeNodeE+0x386>
 386:	a8 01                	test   $0x1,%al
 388:	75 02                	jne    38c <_ZN7Library6RBTreeImPN6Memory4Page9allocatorILNS2_4TypeE0EE4zoneEE6insertEONS8_10RBTreeNodeE+0x38c>
 38a:	eb 0e                	jmp    39a <_ZN7Library6RBTreeImPN6Memory4Page9allocatorILNS2_4TypeE0EE4zoneEE6insertEONS8_10RBTreeNodeE+0x39a>
 38c:	48 8b 4d a0          	mov    -0x60(%rbp),%rcx
 390:	48 8b 45 c8          	mov    -0x38(%rbp),%rax
 394:	48 89 48 28          	mov    %rcx,0x28(%rax)
 398:	eb 0c                	jmp    3a6 <_ZN7Library6RBTreeImPN6Memory4Page9allocatorILNS2_4TypeE0EE4zoneEE6insertEONS8_10RBTreeNodeE+0x3a6>
 39a:	48 8b 4d a0          	mov    -0x60(%rbp),%rcx
 39e:	48 8b 45 c8          	mov    -0x38(%rbp),%rax
 3a2:	48 89 48 20          	mov    %rcx,0x20(%rax)
 3a6:	48 8b 45 a0          	mov    -0x60(%rbp),%rax
 3aa:	48 89 45 d0          	mov    %rax,-0x30(%rbp)
 3ae:	31 c0                	xor    %eax,%eax
 3b0:	48 83 7d c8 00       	cmpq   $0x0,-0x38(%rbp)
 3b5:	88 85 ed fe ff ff    	mov    %al,-0x113(%rbp)
 3bb:	74 29                	je     3e6 <_ZN7Library6RBTreeImPN6Memory4Page9allocatorILNS2_4TypeE0EE4zoneEE6insertEONS8_10RBTreeNodeE+0x3e6>
 3bd:	48 8b 95 68 ff ff ff 	mov    -0x98(%rbp),%rdx
 3c4:	48 8b 4d c8          	mov    -0x38(%rbp),%rcx
 3c8:	31 c0                	xor    %eax,%eax
 3ca:	48 3b 0a             	cmp    (%rdx),%rcx
 3cd:	88 85 ed fe ff ff    	mov    %al,-0x113(%rbp)
 3d3:	74 11                	je     3e6 <_ZN7Library6RBTreeImPN6Memory4Page9allocatorILNS2_4TypeE0EE4zoneEE6insertEONS8_10RBTreeNodeE+0x3e6>
 3d5:	48 8b 45 c8          	mov    -0x38(%rbp),%rax
 3d9:	83 78 10 00          	cmpl   $0x0,0x10(%rax)
 3dd:	0f 94 c0             	sete   %al
 3e0:	88 85 ed fe ff ff    	mov    %al,-0x113(%rbp)
 3e6:	8a 85 ed fe ff ff    	mov    -0x113(%rbp),%al
 3ec:	a8 01                	test   $0x1,%al
 3ee:	75 05                	jne    3f5 <_ZN7Library6RBTreeImPN6Memory4Page9allocatorILNS2_4TypeE0EE4zoneEE6insertEONS8_10RBTreeNodeE+0x3f5>
 3f0:	e9 fd 00 00 00       	jmp    4f2 <_ZN7Library6RBTreeImPN6Memory4Page9allocatorILNS2_4TypeE0EE4zoneEE6insertEONS8_10RBTreeNodeE+0x4f2>
 3f5:	48 8b 45 c8          	mov    -0x38(%rbp),%rax
 3f9:	48 8b 40 18          	mov    0x18(%rax),%rax
 3fd:	48 89 45 90          	mov    %rax,-0x70(%rbp)
 401:	48 c7 45 88 00 00 00 	movq   $0x0,-0x78(%rbp)
 408:	00 
 409:	48 8b 45 c8          	mov    -0x38(%rbp),%rax
 40d:	48 8b 4d 90          	mov    -0x70(%rbp),%rcx
 411:	48 3b 41 28          	cmp    0x28(%rcx),%rax
 415:	75 0e                	jne    425 <_ZN7Library6RBTreeImPN6Memory4Page9allocatorILNS2_4TypeE0EE4zoneEE6insertEONS8_10RBTreeNodeE+0x425>
 417:	48 8b 45 90          	mov    -0x70(%rbp),%rax
 41b:	48 8b 40 20          	mov    0x20(%rax),%rax
 41f:	48 89 45 88          	mov    %rax,-0x78(%rbp)
 423:	eb 0c                	jmp    431 <_ZN7Library6RBTreeImPN6Memory4Page9allocatorILNS2_4TypeE0EE4zoneEE6insertEONS8_10RBTreeNodeE+0x431>
 425:	48 8b 45 90          	mov    -0x70(%rbp),%rax
 429:	48 8b 40 28          	mov    0x28(%rax),%rax
 42d:	48 89 45 88          	mov    %rax,-0x78(%rbp)
 431:	48 83 7d 88 00       	cmpq   $0x0,-0x78(%rbp)
 436:	74 41                	je     479 <_ZN7Library6RBTreeImPN6Memory4Page9allocatorILNS2_4TypeE0EE4zoneEE6insertEONS8_10RBTreeNodeE+0x479>
 438:	48 8b 45 88          	mov    -0x78(%rbp),%rax
 43c:	83 78 10 00          	cmpl   $0x0,0x10(%rax)
 440:	75 37                	jne    479 <_ZN7Library6RBTreeImPN6Memory4Page9allocatorILNS2_4TypeE0EE4zoneEE6insertEONS8_10RBTreeNodeE+0x479>
 442:	48 8b 45 c8          	mov    -0x38(%rbp),%rax
 446:	c7 40 10 01 00 00 00 	movl   $0x1,0x10(%rax)
 44d:	48 8b 45 88          	mov    -0x78(%rbp),%rax
 451:	c7 40 10 01 00 00 00 	movl   $0x1,0x10(%rax)
 458:	48 8b 45 90          	mov    -0x70(%rbp),%rax
 45c:	c7 40 10 00 00 00 00 	movl   $0x0,0x10(%rax)
 463:	48 8b 45 90          	mov    -0x70(%rbp),%rax
 467:	48 89 45 d0          	mov    %rax,-0x30(%rbp)
 46b:	48 8b 45 d0          	mov    -0x30(%rbp),%rax
 46f:	48 8b 40 18          	mov    0x18(%rax),%rax
 473:	48 89 45 c8          	mov    %rax,-0x38(%rbp)
 477:	eb 74                	jmp    4ed <_ZN7Library6RBTreeImPN6Memory4Page9allocatorILNS2_4TypeE0EE4zoneEE6insertEONS8_10RBTreeNodeE+0x4ed>
 479:	48 8b 45 c8          	mov    -0x38(%rbp),%rax
 47d:	48 8b 4d 90          	mov    -0x70(%rbp),%rcx
 481:	48 3b 41 20          	cmp    0x20(%rcx),%rax
 485:	75 32                	jne    4b9 <_ZN7Library6RBTreeImPN6Memory4Page9allocatorILNS2_4TypeE0EE4zoneEE6insertEONS8_10RBTreeNodeE+0x4b9>
 487:	48 8b 45 d0          	mov    -0x30(%rbp),%rax
 48b:	48 8b 4d c8          	mov    -0x38(%rbp),%rcx
 48f:	48 3b 41 20          	cmp    0x20(%rcx),%rax
 493:	75 12                	jne    4a7 <_ZN7Library6RBTreeImPN6Memory4Page9allocatorILNS2_4TypeE0EE4zoneEE6insertEONS8_10RBTreeNodeE+0x4a7>
 495:	48 8b bd 68 ff ff ff 	mov    -0x98(%rbp),%rdi
 49c:	48 8b 75 90          	mov    -0x70(%rbp),%rsi
 4a0:	e8 00 00 00 00       	call   4a5 <_ZN7Library6RBTreeImPN6Memory4Page9allocatorILNS2_4TypeE0EE4zoneEE6insertEONS8_10RBTreeNodeE+0x4a5>
 4a5:	eb 10                	jmp    4b7 <_ZN7Library6RBTreeImPN6Memory4Page9allocatorILNS2_4TypeE0EE4zoneEE6insertEONS8_10RBTreeNodeE+0x4b7>
 4a7:	48 8b bd 68 ff ff ff 	mov    -0x98(%rbp),%rdi
 4ae:	48 8b 75 90          	mov    -0x70(%rbp),%rsi
 4b2:	e8 00 00 00 00       	call   4b7 <_ZN7Library6RBTreeImPN6Memory4Page9allocatorILNS2_4TypeE0EE4zoneEE6insertEONS8_10RBTreeNodeE+0x4b7>
 4b7:	eb 32                	jmp    4eb <_ZN7Library6RBTreeImPN6Memory4Page9allocatorILNS2_4TypeE0EE4zoneEE6insertEONS8_10RBTreeNodeE+0x4eb>
 4b9:	48 8b 45 d0          	mov    -0x30(%rbp),%rax
 4bd:	48 8b 4d c8          	mov    -0x38(%rbp),%rcx
 4c1:	48 3b 41 28          	cmp    0x28(%rcx),%rax
 4c5:	75 12                	jne    4d9 <_ZN7Library6RBTreeImPN6Memory4Page9allocatorILNS2_4TypeE0EE4zoneEE6insertEONS8_10RBTreeNodeE+0x4d9>
 4c7:	48 8b bd 68 ff ff ff 	mov    -0x98(%rbp),%rdi
 4ce:	48 8b 75 90          	mov    -0x70(%rbp),%rsi
 4d2:	e8 00 00 00 00       	call   4d7 <_ZN7Library6RBTreeImPN6Memory4Page9allocatorILNS2_4TypeE0EE4zoneEE6insertEONS8_10RBTreeNodeE+0x4d7>
 4d7:	eb 10                	jmp    4e9 <_ZN7Library6RBTreeImPN6Memory4Page9allocatorILNS2_4TypeE0EE4zoneEE6insertEONS8_10RBTreeNodeE+0x4e9>
 4d9:	48 8b bd 68 ff ff ff 	mov    -0x98(%rbp),%rdi
 4e0:	48 8b 75 90          	mov    -0x70(%rbp),%rsi
 4e4:	e8 00 00 00 00       	call   4e9 <_ZN7Library6RBTreeImPN6Memory4Page9allocatorILNS2_4TypeE0EE4zoneEE6insertEONS8_10RBTreeNodeE+0x4e9>
 4e9:	eb 00                	jmp    4eb <_ZN7Library6RBTreeImPN6Memory4Page9allocatorILNS2_4TypeE0EE4zoneEE6insertEONS8_10RBTreeNodeE+0x4eb>
 4eb:	eb 05                	jmp    4f2 <_ZN7Library6RBTreeImPN6Memory4Page9allocatorILNS2_4TypeE0EE4zoneEE6insertEONS8_10RBTreeNodeE+0x4f2>
 4ed:	e9 bc fe ff ff       	jmp    3ae <_ZN7Library6RBTreeImPN6Memory4Page9allocatorILNS2_4TypeE0EE4zoneEE6insertEONS8_10RBTreeNodeE+0x3ae>
 4f2:	48 8b 85 68 ff ff ff 	mov    -0x98(%rbp),%rax
 4f9:	48 8b 08             	mov    (%rax),%rcx
 4fc:	c7 41 10 01 00 00 00 	movl   $0x1,0x10(%rcx)
 503:	48 8b 75 a0          	mov    -0x60(%rbp),%rsi
 507:	48 8b 10             	mov    (%rax),%rdx
 50a:	48 8d bd 78 ff ff ff 	lea    -0x88(%rbp),%rdi
 511:	e8 00 00 00 00       	call   516 <_ZN7Library6RBTreeImPN6Memory4Page9allocatorILNS2_4TypeE0EE4zoneEE6insertEONS8_10RBTreeNodeE+0x516>
 516:	48 8b bd 58 ff ff ff 	mov    -0xa8(%rbp),%rdi
 51d:	c6 85 77 ff ff ff 01 	movb   $0x1,-0x89(%rbp)
 524:	48 8d b5 78 ff ff ff 	lea    -0x88(%rbp),%rsi
 52b:	48 8d 95 77 ff ff ff 	lea    -0x89(%rbp),%rdx
 532:	e8 00 00 00 00       	call   537 <_ZN7Library6RBTreeImPN6Memory4Page9allocatorILNS2_4TypeE0EE4zoneEE6insertEONS8_10RBTreeNodeE+0x537>
 537:	48 8b 85 60 ff ff ff 	mov    -0xa0(%rbp),%rax
 53e:	48 81 c4 20 01 00 00 	add    $0x120,%rsp
 545:	5d                   	pop    %rbp
 546:	c3                   	ret

Disassembly of section .group:

0000000000000000 <.group>:
   0:	01 00                	add    %eax,(%rax)
   2:	00 00                	add    %al,(%rax)
   4:	11 00                	adc    %eax,(%rax)
	...

Disassembly of section .text._ZN7Library6bitsetILm1024EE3setILb1EEERS1_mm:

0000000000000000 <_ZN7Library6bitsetILm1024EE3setILb1EEERS1_mm>:
   0:	55                   	push   %rbp
   1:	48 89 e5             	mov    %rsp,%rbp
   4:	48 81 ec 88 00 00 00 	sub    $0x88,%rsp
   b:	48 89 7d f0          	mov    %rdi,-0x10(%rbp)
   f:	48 89 75 e8          	mov    %rsi,-0x18(%rbp)
  13:	48 89 55 e0          	mov    %rdx,-0x20(%rbp)
  17:	48 8b 45 f0          	mov    -0x10(%rbp),%rax
  1b:	48 89 45 88          	mov    %rax,-0x78(%rbp)
  1f:	48 83 7d e0 00       	cmpq   $0x0,-0x20(%rbp)
  24:	75 0d                	jne    33 <_ZN7Library6bitsetILm1024EE3setILb1EEERS1_mm+0x33>
  26:	48 8b 45 88          	mov    -0x78(%rbp),%rax
  2a:	48 89 45 f8          	mov    %rax,-0x8(%rbp)
  2e:	e9 36 02 00 00       	jmp    269 <_ZN7Library6bitsetILm1024EE3setILb1EEERS1_mm+0x269>
  33:	48 8b 45 e8          	mov    -0x18(%rbp),%rax
  37:	48 c1 e8 06          	shr    $0x6,%rax
  3b:	48 89 45 d0          	mov    %rax,-0x30(%rbp)
  3f:	48 8d 45 d0          	lea    -0x30(%rbp),%rax
  43:	48 89 45 d8          	mov    %rax,-0x28(%rbp)
  47:	48 8b 4d e8          	mov    -0x18(%rbp),%rcx
  4b:	48 83 e1 3f          	and    $0x3f,%rcx
  4f:	b8 40 00 00 00       	mov    $0x40,%eax
  54:	48 29 c8             	sub    %rcx,%rax
  57:	48 3b 45 e0          	cmp    -0x20(%rbp),%rax
  5b:	72 5c                	jb     b9 <_ZN7Library6bitsetILm1024EE3setILb1EEERS1_mm+0xb9>
  5d:	48 8b 45 88          	mov    -0x78(%rbp),%rax
  61:	48 8b 4d e0          	mov    -0x20(%rbp),%rcx
  65:	48 83 e9 01          	sub    $0x1,%rcx
  69:	ba 01 00 00 00       	mov    $0x1,%edx
  6e:	48 d3 e2             	shl    %cl,%rdx
  71:	48 83 ea 01          	sub    $0x1,%rdx
  75:	48 8b 4d e8          	mov    -0x18(%rbp),%rcx
  79:	48 83 e1 3f          	and    $0x3f,%rcx
  7d:	48 d3 e2             	shl    %cl,%rdx
  80:	48 8b 4d e0          	mov    -0x20(%rbp),%rcx
  84:	48 83 e9 01          	sub    $0x1,%rcx
  88:	be 01 00 00 00       	mov    $0x1,%esi
  8d:	48 d3 e6             	shl    %cl,%rsi
  90:	48 8b 4d e8          	mov    -0x18(%rbp),%rcx
  94:	48 83 e1 3f          	and    $0x3f,%rcx
  98:	48 d3 e6             	shl    %cl,%rsi
  9b:	48 89 f1             	mov    %rsi,%rcx
  9e:	48 09 ca             	or     %rcx,%rdx
  a1:	48 8b 4d d8          	mov    -0x28(%rbp),%rcx
  a5:	48 8b 09             	mov    (%rcx),%rcx
  a8:	48 0b 14 c8          	or     (%rax,%rcx,8),%rdx
  ac:	48 89 14 c8          	mov    %rdx,(%rax,%rcx,8)
  b0:	48 89 45 f8          	mov    %rax,-0x8(%rbp)
  b4:	e9 b0 01 00 00       	jmp    269 <_ZN7Library6bitsetILm1024EE3setILb1EEERS1_mm+0x269>
  b9:	48 c7 45 c8 00 00 00 	movq   $0x0,-0x38(%rbp)
  c0:	00 
  c1:	48 8b 45 e0          	mov    -0x20(%rbp),%rax
  c5:	48 8b 55 e8          	mov    -0x18(%rbp),%rdx
  c9:	48 83 e2 3f          	and    $0x3f,%rdx
  cd:	b9 40 00 00 00       	mov    $0x40,%ecx
  d2:	48 29 d1             	sub    %rdx,%rcx
  d5:	48 29 c8             	sub    %rcx,%rax
  d8:	48 89 45 b8          	mov    %rax,-0x48(%rbp)
  dc:	48 8d 45 b8          	lea    -0x48(%rbp),%rax
  e0:	48 89 45 c0          	mov    %rax,-0x40(%rbp)
  e4:	48 8b 45 c0          	mov    -0x40(%rbp),%rax
  e8:	48 8b 00             	mov    (%rax),%rax
  eb:	48 83 e0 3f          	and    $0x3f,%rax
  ef:	48 83 f8 00          	cmp    $0x0,%rax
  f3:	75 11                	jne    106 <_ZN7Library6bitsetILm1024EE3setILb1EEERS1_mm+0x106>
  f5:	48 8b 45 c0          	mov    -0x40(%rbp),%rax
  f9:	48 8b 00             	mov    (%rax),%rax
  fc:	48 c1 e8 06          	shr    $0x6,%rax
 100:	48 89 45 c8          	mov    %rax,-0x38(%rbp)
 104:	eb 13                	jmp    119 <_ZN7Library6bitsetILm1024EE3setILb1EEERS1_mm+0x119>
 106:	48 8b 45 c0          	mov    -0x40(%rbp),%rax
 10a:	48 8b 00             	mov    (%rax),%rax
 10d:	48 c1 e8 06          	shr    $0x6,%rax
 111:	48 83 c0 01          	add    $0x1,%rax
 115:	48 89 45 c8          	mov    %rax,-0x38(%rbp)
 119:	48 8b 45 88          	mov    -0x78(%rbp),%rax
 11d:	48 8b 55 e8          	mov    -0x18(%rbp),%rdx
 121:	48 83 e2 3f          	and    $0x3f,%rdx
 125:	b9 3f 00 00 00       	mov    $0x3f,%ecx
 12a:	48 29 d1             	sub    %rdx,%rcx
 12d:	ba 01 00 00 00       	mov    $0x1,%edx
 132:	48 d3 e2             	shl    %cl,%rdx
 135:	48 83 ea 01          	sub    $0x1,%rdx
 139:	48 8b 4d e8          	mov    -0x18(%rbp),%rcx
 13d:	48 83 e1 3f          	and    $0x3f,%rcx
 141:	48 d3 e2             	shl    %cl,%rdx
 144:	48 89 95 78 ff ff ff 	mov    %rdx,-0x88(%rbp)
 14b:	48 8b 55 e8          	mov    -0x18(%rbp),%rdx
 14f:	48 83 e2 3f          	and    $0x3f,%rdx
 153:	b9 3f 00 00 00       	mov    $0x3f,%ecx
 158:	48 29 d1             	sub    %rdx,%rcx
 15b:	ba 01 00 00 00       	mov    $0x1,%edx
 160:	48 d3 e2             	shl    %cl,%rdx
 163:	48 8b 4d e8          	mov    -0x18(%rbp),%rcx
 167:	48 83 e1 3f          	and    $0x3f,%rcx
 16b:	48 d3 e2             	shl    %cl,%rdx
 16e:	48 8b 8d 78 ff ff ff 	mov    -0x88(%rbp),%rcx
 175:	48 09 d1             	or     %rdx,%rcx
 178:	48 89 4d a8          	mov    %rcx,-0x58(%rbp)
 17c:	48 8d 4d a8          	lea    -0x58(%rbp),%rcx
 180:	48 89 4d b0          	mov    %rcx,-0x50(%rbp)
 184:	48 8b 4d e0          	mov    -0x20(%rbp),%rcx
 188:	48 8b 75 e8          	mov    -0x18(%rbp),%rsi
 18c:	48 83 e6 3f          	and    $0x3f,%rsi
 190:	ba 40 00 00 00       	mov    $0x40,%edx
 195:	48 29 f2             	sub    %rsi,%rdx
 198:	48 29 d1             	sub    %rdx,%rcx
 19b:	48 83 e9 01          	sub    $0x1,%rcx
 19f:	48 83 e1 3f          	and    $0x3f,%rcx
 1a3:	ba 01 00 00 00       	mov    $0x1,%edx
 1a8:	48 d3 e2             	shl    %cl,%rdx
 1ab:	48 89 d1             	mov    %rdx,%rcx
 1ae:	48 83 e9 01          	sub    $0x1,%rcx
 1b2:	48 89 4d 80          	mov    %rcx,-0x80(%rbp)
 1b6:	48 8b 4d e0          	mov    -0x20(%rbp),%rcx
 1ba:	48 8b 75 e8          	mov    -0x18(%rbp),%rsi
 1be:	48 83 e6 3f          	and    $0x3f,%rsi
 1c2:	ba 40 00 00 00       	mov    $0x40,%edx
 1c7:	48 29 f2             	sub    %rsi,%rdx
 1ca:	48 29 d1             	sub    %rdx,%rcx
 1cd:	48 83 e9 01          	sub    $0x1,%rcx
 1d1:	48 83 e1 3f          	and    $0x3f,%rcx
 1d5:	ba 01 00 00 00       	mov    $0x1,%edx
 1da:	48 d3 e2             	shl    %cl,%rdx
 1dd:	48 8b 4d 80          	mov    -0x80(%rbp),%rcx
 1e1:	48 09 d1             	or     %rdx,%rcx
 1e4:	48 89 4d 98          	mov    %rcx,-0x68(%rbp)
 1e8:	48 8d 4d 98          	lea    -0x68(%rbp),%rcx
 1ec:	48 89 4d a0          	mov    %rcx,-0x60(%rbp)
 1f0:	48 8b 4d b0          	mov    -0x50(%rbp),%rcx
 1f4:	48 8b 11             	mov    (%rcx),%rdx
 1f7:	48 8b 4d d8          	mov    -0x28(%rbp),%rcx
 1fb:	48 8b 09             	mov    (%rcx),%rcx
 1fe:	48 0b 14 c8          	or     (%rax,%rcx,8),%rdx
 202:	48 89 14 c8          	mov    %rdx,(%rax,%rcx,8)
 206:	48 8b 4d a0          	mov    -0x60(%rbp),%rcx
 20a:	48 8b 11             	mov    (%rcx),%rdx
 20d:	48 8b 4d d8          	mov    -0x28(%rbp),%rcx
 211:	48 8b 09             	mov    (%rcx),%rcx
 214:	48 03 4d c8          	add    -0x38(%rbp),%rcx
 218:	48 0b 14 c8          	or     (%rax,%rcx,8),%rdx
 21c:	48 89 14 c8          	mov    %rdx,(%rax,%rcx,8)
 220:	48 8b 45 d8          	mov    -0x28(%rbp),%rax
 224:	48 8b 00             	mov    (%rax),%rax
 227:	48 83 c0 01          	add    $0x1,%rax
 22b:	48 89 45 90          	mov    %rax,-0x70(%rbp)
 22f:	48 8b 45 90          	mov    -0x70(%rbp),%rax
 233:	48 8b 4d d8          	mov    -0x28(%rbp),%rcx
 237:	48 8b 09             	mov    (%rcx),%rcx
 23a:	48 03 4d c8          	add    -0x38(%rbp),%rcx
 23e:	48 39 c8             	cmp    %rcx,%rax
 241:	73 1e                	jae    261 <_ZN7Library6bitsetILm1024EE3setILb1EEERS1_mm+0x261>
 243:	48 8b 45 88          	mov    -0x78(%rbp),%rax
 247:	48 8b 4d 90          	mov    -0x70(%rbp),%rcx
 24b:	48 c7 04 c8 fe ff ff 	movq   $0xfffffffffffffffe,(%rax,%rcx,8)
 252:	ff 
 253:	48 8b 45 90          	mov    -0x70(%rbp),%rax
 257:	48 83 c0 01          	add    $0x1,%rax
 25b:	48 89 45 90          	mov    %rax,-0x70(%rbp)
 25f:	eb ce                	jmp    22f <_ZN7Library6bitsetILm1024EE3setILb1EEERS1_mm+0x22f>
 261:	48 8b 45 88          	mov    -0x78(%rbp),%rax
 265:	48 89 45 f8          	mov    %rax,-0x8(%rbp)
 269:	48 8b 45 f8          	mov    -0x8(%rbp),%rax
 26d:	48 81 c4 88 00 00 00 	add    $0x88,%rsp
 274:	5d                   	pop    %rbp
 275:	c3                   	ret

Disassembly of section .group:

0000000000000000 <.group>:
   0:	01 00                	add    %eax,(%rax)
   2:	00 00                	add    %al,(%rax)
   4:	13 00                	adc    (%rax),%eax
   6:	00 00                	add    %al,(%rax)
   8:	14 00                	adc    $0x0,%al
	...

Disassembly of section .text._ZN6Driver10SerialPort5printEPKc:

0000000000000000 <_ZN6Driver10SerialPort5printEPKc>:
   0:	55                   	push   %rbp
   1:	48 89 e5             	mov    %rsp,%rbp
   4:	48 83 ec 20          	sub    $0x20,%rsp
   8:	48 89 7d f8          	mov    %rdi,-0x8(%rbp)
   c:	48 89 75 f0          	mov    %rsi,-0x10(%rbp)
  10:	48 8b 45 f8          	mov    -0x8(%rbp),%rax
  14:	48 89 45 e8          	mov    %rax,-0x18(%rbp)
  18:	48 8b 45 f0          	mov    -0x10(%rbp),%rax
  1c:	80 38 00             	cmpb   $0x0,(%rax)
  1f:	74 20                	je     41 <_ZN6Driver10SerialPort5printEPKc+0x41>
  21:	48 8b 7d e8          	mov    -0x18(%rbp),%rdi
  25:	48 8b 45 f0          	mov    -0x10(%rbp),%rax
  29:	8a 00                	mov    (%rax),%al
  2b:	0f be f0             	movsbl %al,%esi
  2e:	e8 00 00 00 00       	call   33 <_ZN6Driver10SerialPort5printEPKc+0x33>
  33:	48 8b 45 f0          	mov    -0x10(%rbp),%rax
  37:	48 83 c0 01          	add    $0x1,%rax
  3b:	48 89 45 f0          	mov    %rax,-0x10(%rbp)
  3f:	eb d7                	jmp    18 <_ZN6Driver10SerialPort5printEPKc+0x18>
  41:	48 83 c4 20          	add    $0x20,%rsp
  45:	5d                   	pop    %rbp
  46:	c3                   	ret

Disassembly of section .group:

0000000000000000 <.group>:
   0:	01 00                	add    %eax,(%rax)
   2:	00 00                	add    %al,(%rax)
   4:	16                   	(bad)
   5:	00 00                	add    %al,(%rax)
   7:	00 17                	add    %dl,(%rdi)
   9:	00 00                	add    %al,(%rax)
   b:	00 3f                	add    %bh,(%rdi)
   d:	00 00                	add    %al,(%rax)
   f:	00 45 00             	add    %al,0x0(%rbp)
  12:	00 00                	add    %al,(%rax)
  14:	4a 00 00             	rex.WX add %al,(%rax)
  17:	00 4b 00             	add    %cl,0x0(%rbx)
	...

Disassembly of section .text.startup:

0000000000000000 <__cxx_global_var_init>:
   0:	55                   	push   %rbp
   1:	48 89 e5             	mov    %rsp,%rbp
   4:	48 8b 05 00 00 00 00 	mov    0x0(%rip),%rax        # b <__cxx_global_var_init+0xb>
   b:	8a 00                	mov    (%rax),%al
   d:	3c 00                	cmp    $0x0,%al
   f:	75 24                	jne    35 <__cxx_global_var_init+0x35>
  11:	48 8b 05 00 00 00 00 	mov    0x0(%rip),%rax        # 18 <__cxx_global_var_init+0x18>
  18:	c6 00 01             	movb   $0x1,(%rax)
  1b:	48 8b 3d 00 00 00 00 	mov    0x0(%rip),%rdi        # 22 <__cxx_global_var_init+0x22>
  22:	48 8b 35 00 00 00 00 	mov    0x0(%rip),%rsi        # 29 <__cxx_global_var_init+0x29>
  29:	48 8d 15 00 00 00 00 	lea    0x0(%rip),%rdx        # 30 <__cxx_global_var_init+0x30>
  30:	e8 00 00 00 00       	call   35 <__cxx_global_var_init+0x35>
  35:	5d                   	pop    %rbp
  36:	c3                   	ret

Disassembly of section .group:

0000000000000000 <.group>:
   0:	01 00                	add    %eax,(%rax)
   2:	00 00                	add    %al,(%rax)
   4:	19 00                	sbb    %eax,(%rax)
   6:	00 00                	add    %al,(%rax)
   8:	1a 00                	sbb    (%rax),%al
	...

Disassembly of section .text._ZN7Library6RBTreeImPN6Memory4Page9allocatorILNS2_4TypeE0EE4zoneEED2Ev:

0000000000000000 <_ZN7Library6RBTreeImPN6Memory4Page9allocatorILNS2_4TypeE0EE4zoneEED2Ev>:
   0:	55                   	push   %rbp
   1:	48 89 e5             	mov    %rsp,%rbp
   4:	48 83 ec 10          	sub    $0x10,%rsp
   8:	48 89 7d f8          	mov    %rdi,-0x8(%rbp)
   c:	48 8b 7d f8          	mov    -0x8(%rbp),%rdi
  10:	48 8b 37             	mov    (%rdi),%rsi
  13:	e8 00 00 00 00       	call   18 <_ZN7Library6RBTreeImPN6Memory4Page9allocatorILNS2_4TypeE0EE4zoneEED2Ev+0x18>
  18:	48 83 c4 10          	add    $0x10,%rsp
  1c:	5d                   	pop    %rbp
  1d:	c3                   	ret

Disassembly of section .group:

0000000000000000 <.group>:
   0:	01 00                	add    %eax,(%rax)
   2:	00 00                	add    %al,(%rax)
   4:	1c 00                	sbb    $0x0,%al
	...

Disassembly of section .text._ZN7Library6RBTreeImPN6Memory4Page9allocatorILNS2_4TypeE0EE4zoneEE10RBTreeNodeC2Ev:

0000000000000000 <_ZN7Library6RBTreeImPN6Memory4Page9allocatorILNS2_4TypeE0EE4zoneEE10RBTreeNodeC2Ev>:
   0:	55                   	push   %rbp
   1:	48 89 e5             	mov    %rsp,%rbp
   4:	50                   	push   %rax
   5:	48 89 7d f8          	mov    %rdi,-0x8(%rbp)
   9:	48 8b 45 f8          	mov    -0x8(%rbp),%rax
   d:	c7 40 10 00 00 00 00 	movl   $0x0,0x10(%rax)
  14:	48 c7 40 18 00 00 00 	movq   $0x0,0x18(%rax)
  1b:	00 
  1c:	48 c7 40 20 00 00 00 	movq   $0x0,0x20(%rax)
  23:	00 
  24:	48 c7 40 28 00 00 00 	movq   $0x0,0x28(%rax)
  2b:	00 
  2c:	48 83 c4 08          	add    $0x8,%rsp
  30:	5d                   	pop    %rbp
  31:	c3                   	ret

Disassembly of section .group:

0000000000000000 <.group>:
   0:	01 00                	add    %eax,(%rax)
   2:	00 00                	add    %al,(%rax)
   4:	1e                   	(bad)
   5:	00 00                	add    %al,(%rax)
	...

Disassembly of section .text._ZN7Library6bitsetILm1024EEC2Ev:

0000000000000000 <_ZN7Library6bitsetILm1024EEC2Ev>:
   0:	55                   	push   %rbp
   1:	48 89 e5             	mov    %rsp,%rbp
   4:	48 83 ec 18          	sub    $0x18,%rsp
   8:	48 89 7d f8          	mov    %rdi,-0x8(%rbp)
   c:	48 8b 45 f8          	mov    -0x8(%rbp),%rax
  10:	48 89 c1             	mov    %rax,%rcx
  13:	48 81 c1 80 00 00 00 	add    $0x80,%rcx
  1a:	48 89 4d e8          	mov    %rcx,-0x18(%rbp)
  1e:	48 89 45 f0          	mov    %rax,-0x10(%rbp)
  22:	48 8b 45 f0          	mov    -0x10(%rbp),%rax
  26:	48 8b 4d e8          	mov    -0x18(%rbp),%rcx
  2a:	48 c7 00 00 00 00 00 	movq   $0x0,(%rax)
  31:	48 83 c0 08          	add    $0x8,%rax
  35:	48 39 c8             	cmp    %rcx,%rax
  38:	48 89 45 f0          	mov    %rax,-0x10(%rbp)
  3c:	75 e4                	jne    22 <_ZN7Library6bitsetILm1024EEC2Ev+0x22>
  3e:	48 83 c4 18          	add    $0x18,%rsp
  42:	5d                   	pop    %rbp
  43:	c3                   	ret

Disassembly of section .group:

0000000000000000 <.group>:
   0:	01 00                	add    %eax,(%rax)
   2:	00 00                	add    %al,(%rax)
   4:	20 00                	and    %al,(%rax)
	...

Disassembly of section .text._ZN7Library6RBTreeImPN6Memory4Page9allocatorILNS2_4TypeE0EE4zoneEE10RBTreeNodeC2ERKmRKS7_:

0000000000000000 <_ZN7Library6RBTreeImPN6Memory4Page9allocatorILNS2_4TypeE0EE4zoneEE10RBTreeNodeC2ERKmRKS7_>:
   0:	55                   	push   %rbp
   1:	48 89 e5             	mov    %rsp,%rbp
   4:	48 83 ec 18          	sub    $0x18,%rsp
   8:	48 89 7d f8          	mov    %rdi,-0x8(%rbp)
   c:	48 89 75 f0          	mov    %rsi,-0x10(%rbp)
  10:	48 89 55 e8          	mov    %rdx,-0x18(%rbp)
  14:	48 8b 45 f8          	mov    -0x8(%rbp),%rax
  18:	48 8b 4d e8          	mov    -0x18(%rbp),%rcx
  1c:	48 8b 09             	mov    (%rcx),%rcx
  1f:	48 89 08             	mov    %rcx,(%rax)
  22:	48 8b 4d f0          	mov    -0x10(%rbp),%rcx
  26:	48 8b 09             	mov    (%rcx),%rcx
  29:	48 89 48 08          	mov    %rcx,0x8(%rax)
  2d:	c7 40 10 00 00 00 00 	movl   $0x0,0x10(%rax)
  34:	48 c7 40 18 00 00 00 	movq   $0x0,0x18(%rax)
  3b:	00 
  3c:	48 c7 40 20 00 00 00 	movq   $0x0,0x20(%rax)
  43:	00 
  44:	48 c7 40 28 00 00 00 	movq   $0x0,0x28(%rax)
  4b:	00 
  4c:	48 83 c4 18          	add    $0x18,%rsp
  50:	5d                   	pop    %rbp
  51:	c3                   	ret

Disassembly of section .group:

0000000000000000 <.group>:
   0:	01 00                	add    %eax,(%rax)
   2:	00 00                	add    %al,(%rax)
   4:	22 00                	and    (%rax),%al
   6:	00 00                	add    %al,(%rax)
   8:	23 00                	and    (%rax),%eax
	...

Disassembly of section .text._ZN7Library6RBTreeImPN6Memory4Page9allocatorILNS2_4TypeE0EE4zoneEEC2Ev:

0000000000000000 <_ZN7Library6RBTreeImPN6Memory4Page9allocatorILNS2_4TypeE0EE4zoneEEC2Ev>:
   0:	55                   	push   %rbp
   1:	48 89 e5             	mov    %rsp,%rbp
   4:	48 83 ec 10          	sub    $0x10,%rsp
   8:	48 89 7d f8          	mov    %rdi,-0x8(%rbp)
   c:	48 8b 7d f8          	mov    -0x8(%rbp),%rdi
  10:	48 c7 07 00 00 00 00 	movq   $0x0,(%rdi)
  17:	48 83 c7 08          	add    $0x8,%rdi
  1b:	e8 00 00 00 00       	call   20 <_ZN7Library6RBTreeImPN6Memory4Page9allocatorILNS2_4TypeE0EE4zoneEEC2Ev+0x20>
  20:	48 83 c4 10          	add    $0x10,%rsp
  24:	5d                   	pop    %rbp
  25:	c3                   	ret

Disassembly of section .group:

0000000000000000 <.group>:
   0:	01 00                	add    %eax,(%rax)
   2:	00 00                	add    %al,(%rax)
   4:	25 00 00 00 26       	and    $0x26000000,%eax
   9:	00 00                	add    %al,(%rax)
	...

Disassembly of section .text._ZN7Library6RBTreeImPN6Memory4Page9allocatorILNS2_4TypeE0EE4zoneEE8_destroyEPNS8_10RBTreeNodeE:

0000000000000000 <_ZN7Library6RBTreeImPN6Memory4Page9allocatorILNS2_4TypeE0EE4zoneEE8_destroyEPNS8_10RBTreeNodeE>:
   0:	55                   	push   %rbp
   1:	48 89 e5             	mov    %rsp,%rbp
   4:	48 83 ec 20          	sub    $0x20,%rsp
   8:	48 89 7d f8          	mov    %rdi,-0x8(%rbp)
   c:	48 89 75 f0          	mov    %rsi,-0x10(%rbp)
  10:	48 8b 45 f8          	mov    -0x8(%rbp),%rax
  14:	48 89 45 e8          	mov    %rax,-0x18(%rbp)
  18:	48 83 7d f0 00       	cmpq   $0x0,-0x10(%rbp)
  1d:	75 02                	jne    21 <_ZN7Library6RBTreeImPN6Memory4Page9allocatorILNS2_4TypeE0EE4zoneEE8_destroyEPNS8_10RBTreeNodeE+0x21>
  1f:	eb 2a                	jmp    4b <_ZN7Library6RBTreeImPN6Memory4Page9allocatorILNS2_4TypeE0EE4zoneEE8_destroyEPNS8_10RBTreeNodeE+0x4b>
  21:	48 8b 7d e8          	mov    -0x18(%rbp),%rdi
  25:	48 8b 45 f0          	mov    -0x10(%rbp),%rax
  29:	48 8b 70 20          	mov    0x20(%rax),%rsi
  2d:	e8 00 00 00 00       	call   32 <_ZN7Library6RBTreeImPN6Memory4Page9allocatorILNS2_4TypeE0EE4zoneEE8_destroyEPNS8_10RBTreeNodeE+0x32>
  32:	48 8b 7d e8          	mov    -0x18(%rbp),%rdi
  36:	48 8b 45 f0          	mov    -0x10(%rbp),%rax
  3a:	48 8b 70 28          	mov    0x28(%rax),%rsi
  3e:	e8 00 00 00 00       	call   43 <_ZN7Library6RBTreeImPN6Memory4Page9allocatorILNS2_4TypeE0EE4zoneEE8_destroyEPNS8_10RBTreeNodeE+0x43>
  43:	48 c7 45 f0 00 00 00 	movq   $0x0,-0x10(%rbp)
  4a:	00 
  4b:	48 83 c4 20          	add    $0x20,%rsp
  4f:	5d                   	pop    %rbp
  50:	c3                   	ret

Disassembly of section .group:

0000000000000000 <.group>:
   0:	01 00                	add    %eax,(%rax)
   2:	00 00                	add    %al,(%rax)
   4:	28 00                	sub    %al,(%rax)
   6:	00 00                	add    %al,(%rax)
   8:	29 00                	sub    %eax,(%rax)
	...

Disassembly of section .text._ZSt12construct_atIN7Library6RBTreeImPN6Memory4Page9allocatorILNS3_4TypeE0EE4zoneEE10RBTreeNodeEJRmRS8_EQaant20is_unbounded_array_vIT_ErqXgsnwcvPvLi0E_SD_pispclsr3stdE7declvalIT0_EEEEEPSD_SG_DpOSF_:

0000000000000000 <_ZSt12construct_atIN7Library6RBTreeImPN6Memory4Page9allocatorILNS3_4TypeE0EE4zoneEE10RBTreeNodeEJRmRS8_EQaant20is_unbounded_array_vIT_ErqXgsnwcvPvLi0E_SD_pispclsr3stdE7declvalIT0_EEEEEPSD_SG_DpOSF_>:
   0:	55                   	push   %rbp
   1:	48 89 e5             	mov    %rsp,%rbp
   4:	48 83 ec 40          	sub    $0x40,%rsp
   8:	48 89 7d e8          	mov    %rdi,-0x18(%rbp)
   c:	48 89 75 e0          	mov    %rsi,-0x20(%rbp)
  10:	48 89 55 d8          	mov    %rdx,-0x28(%rbp)
  14:	48 8b 45 e8          	mov    -0x18(%rbp),%rax
  18:	48 89 45 d0          	mov    %rax,-0x30(%rbp)
  1c:	48 8b 7d d0          	mov    -0x30(%rbp),%rdi
  20:	48 89 7d c8          	mov    %rdi,-0x38(%rbp)
  24:	48 8b 45 e0          	mov    -0x20(%rbp),%rax
  28:	48 89 45 f0          	mov    %rax,-0x10(%rbp)
  2c:	48 8b 75 f0          	mov    -0x10(%rbp),%rsi
  30:	48 8b 45 d8          	mov    -0x28(%rbp),%rax
  34:	48 89 45 f8          	mov    %rax,-0x8(%rbp)
  38:	48 8b 55 f8          	mov    -0x8(%rbp),%rdx
  3c:	e8 00 00 00 00       	call   41 <_ZSt12construct_atIN7Library6RBTreeImPN6Memory4Page9allocatorILNS3_4TypeE0EE4zoneEE10RBTreeNodeEJRmRS8_EQaant20is_unbounded_array_vIT_ErqXgsnwcvPvLi0E_SD_pispclsr3stdE7declvalIT0_EEEEEPSD_SG_DpOSF_+0x41>
  41:	48 8b 45 c8          	mov    -0x38(%rbp),%rax
  45:	48 83 c4 40          	add    $0x40,%rsp
  49:	5d                   	pop    %rbp
  4a:	c3                   	ret

Disassembly of section .group:

0000000000000000 <.group>:
   0:	01 00                	add    %eax,(%rax)
   2:	00 00                	add    %al,(%rax)
   4:	2b 00                	sub    (%rax),%eax
	...

Disassembly of section .text._ZN7Library6RBTreeImPN6Memory4Page9allocatorILNS2_4TypeE0EE4zoneEE10RBTreeNode3keyEv:

0000000000000000 <_ZN7Library6RBTreeImPN6Memory4Page9allocatorILNS2_4TypeE0EE4zoneEE10RBTreeNode3keyEv>:
   0:	55                   	push   %rbp
   1:	48 89 e5             	mov    %rsp,%rbp
   4:	50                   	push   %rax
   5:	48 89 7d f8          	mov    %rdi,-0x8(%rbp)
   9:	48 8b 45 f8          	mov    -0x8(%rbp),%rax
   d:	48 83 c0 08          	add    $0x8,%rax
  11:	48 83 c4 08          	add    $0x8,%rsp
  15:	5d                   	pop    %rbp
  16:	c3                   	ret

Disassembly of section .group:

0000000000000000 <.group>:
   0:	01 00                	add    %eax,(%rax)
   2:	00 00                	add    %al,(%rax)
   4:	2d                   	.byte 0x2d
   5:	00 00                	add    %al,(%rax)
	...

Disassembly of section .text._ZN7Library6RBTreeImPN6Memory4Page9allocatorILNS2_4TypeE0EE4zoneEE10RBTreeNode4dataEv:

0000000000000000 <_ZN7Library6RBTreeImPN6Memory4Page9allocatorILNS2_4TypeE0EE4zoneEE10RBTreeNode4dataEv>:
   0:	55                   	push   %rbp
   1:	48 89 e5             	mov    %rsp,%rbp
   4:	50                   	push   %rax
   5:	48 89 7d f8          	mov    %rdi,-0x8(%rbp)
   9:	48 8b 45 f8          	mov    -0x8(%rbp),%rax
   d:	48 83 c4 08          	add    $0x8,%rsp
  11:	5d                   	pop    %rbp
  12:	c3                   	ret

Disassembly of section .group:

0000000000000000 <.group>:
   0:	01 00                	add    %eax,(%rax)
   2:	00 00                	add    %al,(%rax)
   4:	2f                   	(bad)
   5:	00 00                	add    %al,(%rax)
	...

Disassembly of section .text._ZN7Library6RBTreeImPN6Memory4Page9allocatorILNS2_4TypeE0EE4zoneEE16_RBTree_IteratorImPKmRSA_EC2EPNS8_10RBTreeNodeESF_:

0000000000000000 <_ZN7Library6RBTreeImPN6Memory4Page9allocatorILNS2_4TypeE0EE4zoneEE16_RBTree_IteratorImPKmRSA_EC2EPNS8_10RBTreeNodeESF_>:
   0:	55                   	push   %rbp
   1:	48 89 e5             	mov    %rsp,%rbp
   4:	48 83 ec 18          	sub    $0x18,%rsp
   8:	48 89 7d f8          	mov    %rdi,-0x8(%rbp)
   c:	48 89 75 f0          	mov    %rsi,-0x10(%rbp)
  10:	48 89 55 e8          	mov    %rdx,-0x18(%rbp)
  14:	48 8b 45 f8          	mov    -0x8(%rbp),%rax
  18:	48 8b 4d f0          	mov    -0x10(%rbp),%rcx
  1c:	48 89 08             	mov    %rcx,(%rax)
  1f:	48 8b 4d e8          	mov    -0x18(%rbp),%rcx
  23:	48 89 48 08          	mov    %rcx,0x8(%rax)
  27:	48 83 c4 18          	add    $0x18,%rsp
  2b:	5d                   	pop    %rbp
  2c:	c3                   	ret

Disassembly of section .group:

0000000000000000 <.group>:
   0:	01 00                	add    %eax,(%rax)
   2:	00 00                	add    %al,(%rax)
   4:	31 00                	xor    %eax,(%rax)
	...

Disassembly of section .text._ZNSt4pairIN7Library6RBTreeImPN6Memory4Page9allocatorILNS3_4TypeE0EE4zoneEE16_RBTree_IteratorImPKmRSB_EEbEC2ISE_bQaacl16_S_constructibleITL0__TL0_0_EEntcl10_S_danglesISH_SI_EEEEOT_OT0_:

0000000000000000 <_ZNSt4pairIN7Library6RBTreeImPN6Memory4Page9allocatorILNS3_4TypeE0EE4zoneEE16_RBTree_IteratorImPKmRSB_EEbEC2ISE_bQaacl16_S_constructibleITL0__TL0_0_EEntcl10_S_danglesISH_SI_EEEEOT_OT0_>:
   0:	55                   	push   %rbp
   1:	48 89 e5             	mov    %rsp,%rbp
   4:	48 83 ec 28          	sub    $0x28,%rsp
   8:	48 89 7d e8          	mov    %rdi,-0x18(%rbp)
   c:	48 89 75 e0          	mov    %rsi,-0x20(%rbp)
  10:	48 89 55 d8          	mov    %rdx,-0x28(%rbp)
  14:	48 8b 45 e8          	mov    -0x18(%rbp),%rax
  18:	48 8b 4d e0          	mov    -0x20(%rbp),%rcx
  1c:	48 89 4d f0          	mov    %rcx,-0x10(%rbp)
  20:	48 8b 4d f0          	mov    -0x10(%rbp),%rcx
  24:	48 8b 11             	mov    (%rcx),%rdx
  27:	48 89 10             	mov    %rdx,(%rax)
  2a:	48 8b 49 08          	mov    0x8(%rcx),%rcx
  2e:	48 89 48 08          	mov    %rcx,0x8(%rax)
  32:	48 8b 4d d8          	mov    -0x28(%rbp),%rcx
  36:	48 89 4d f8          	mov    %rcx,-0x8(%rbp)
  3a:	48 8b 4d f8          	mov    -0x8(%rbp),%rcx
  3e:	8a 09                	mov    (%rcx),%cl
  40:	80 e1 01             	and    $0x1,%cl
  43:	88 48 10             	mov    %cl,0x10(%rax)
  46:	48 83 c4 28          	add    $0x28,%rsp
  4a:	5d                   	pop    %rbp
  4b:	c3                   	ret

Disassembly of section .group:

0000000000000000 <.group>:
   0:	01 00                	add    %eax,(%rax)
   2:	00 00                	add    %al,(%rax)
   4:	33 00                	xor    (%rax),%eax
	...

Disassembly of section .text._ZSteqSt15strong_orderingS_:

0000000000000000 <_ZSteqSt15strong_orderingS_>:
   0:	55                   	push   %rbp
   1:	48 89 e5             	mov    %rsp,%rbp
   4:	48 83 ec 02          	sub    $0x2,%rsp
   8:	40 88 f0             	mov    %sil,%al
   b:	40 88 f9             	mov    %dil,%cl
   e:	88 4d ff             	mov    %cl,-0x1(%rbp)
  11:	88 45 fe             	mov    %al,-0x2(%rbp)
  14:	0f be 45 ff          	movsbl -0x1(%rbp),%eax
  18:	0f be 4d fe          	movsbl -0x2(%rbp),%ecx
  1c:	39 c8                	cmp    %ecx,%eax
  1e:	0f 94 c0             	sete   %al
  21:	24 01                	and    $0x1,%al
  23:	48 83 c4 02          	add    $0x2,%rsp
  27:	5d                   	pop    %rbp
  28:	c3                   	ret

Disassembly of section .group:

0000000000000000 <.group>:
   0:	01 00                	add    %eax,(%rax)
   2:	00 00                	add    %al,(%rax)
   4:	35                   	.byte 0x35
   5:	00 00                	add    %al,(%rax)
	...

Disassembly of section .text._ZN7Library6RBTreeImPN6Memory4Page9allocatorILNS2_4TypeE0EE4zoneEE7RotateREPNS8_10RBTreeNodeE:

0000000000000000 <_ZN7Library6RBTreeImPN6Memory4Page9allocatorILNS2_4TypeE0EE4zoneEE7RotateREPNS8_10RBTreeNodeE>:
   0:	55                   	push   %rbp
   1:	48 89 e5             	mov    %rsp,%rbp
   4:	48 83 ec 28          	sub    $0x28,%rsp
   8:	48 89 7d f8          	mov    %rdi,-0x8(%rbp)
   c:	48 89 75 f0          	mov    %rsi,-0x10(%rbp)
  10:	48 8b 45 f8          	mov    -0x8(%rbp),%rax
  14:	48 89 45 d8          	mov    %rax,-0x28(%rbp)
  18:	48 8b 45 f0          	mov    -0x10(%rbp),%rax
  1c:	48 8b 40 20          	mov    0x20(%rax),%rax
  20:	48 89 45 e8          	mov    %rax,-0x18(%rbp)
  24:	48 8b 45 f0          	mov    -0x10(%rbp),%rax
  28:	48 8b 40 18          	mov    0x18(%rax),%rax
  2c:	48 89 45 e0          	mov    %rax,-0x20(%rbp)
  30:	48 8b 4d e8          	mov    -0x18(%rbp),%rcx
  34:	48 8b 45 f0          	mov    -0x10(%rbp),%rax
  38:	48 89 48 18          	mov    %rcx,0x18(%rax)
  3c:	48 8b 45 e8          	mov    -0x18(%rbp),%rax
  40:	48 8b 48 28          	mov    0x28(%rax),%rcx
  44:	48 8b 45 f0          	mov    -0x10(%rbp),%rax
  48:	48 89 48 20          	mov    %rcx,0x20(%rax)
  4c:	48 8b 45 e8          	mov    -0x18(%rbp),%rax
  50:	48 83 78 28 00       	cmpq   $0x0,0x28(%rax)
  55:	74 10                	je     67 <_ZN7Library6RBTreeImPN6Memory4Page9allocatorILNS2_4TypeE0EE4zoneEE7RotateREPNS8_10RBTreeNodeE+0x67>
  57:	48 8b 4d f0          	mov    -0x10(%rbp),%rcx
  5b:	48 8b 45 e8          	mov    -0x18(%rbp),%rax
  5f:	48 8b 40 28          	mov    0x28(%rax),%rax
  63:	48 89 48 18          	mov    %rcx,0x18(%rax)
  67:	48 8b 4d d8          	mov    -0x28(%rbp),%rcx
  6b:	48 8b 55 f0          	mov    -0x10(%rbp),%rdx
  6f:	48 8b 45 e8          	mov    -0x18(%rbp),%rax
  73:	48 89 50 28          	mov    %rdx,0x28(%rax)
  77:	48 8b 45 f0          	mov    -0x10(%rbp),%rax
  7b:	48 3b 01             	cmp    (%rcx),%rax
  7e:	75 0d                	jne    8d <_ZN7Library6RBTreeImPN6Memory4Page9allocatorILNS2_4TypeE0EE4zoneEE7RotateREPNS8_10RBTreeNodeE+0x8d>
  80:	48 8b 45 d8          	mov    -0x28(%rbp),%rax
  84:	48 8b 4d e8          	mov    -0x18(%rbp),%rcx
  88:	48 89 08             	mov    %rcx,(%rax)
  8b:	eb 2a                	jmp    b7 <_ZN7Library6RBTreeImPN6Memory4Page9allocatorILNS2_4TypeE0EE4zoneEE7RotateREPNS8_10RBTreeNodeE+0xb7>
  8d:	48 8b 45 e0          	mov    -0x20(%rbp),%rax
  91:	48 8b 40 20          	mov    0x20(%rax),%rax
  95:	48 3b 45 f0          	cmp    -0x10(%rbp),%rax
  99:	75 0e                	jne    a9 <_ZN7Library6RBTreeImPN6Memory4Page9allocatorILNS2_4TypeE0EE4zoneEE7RotateREPNS8_10RBTreeNodeE+0xa9>
  9b:	48 8b 4d e8          	mov    -0x18(%rbp),%rcx
  9f:	48 8b 45 e0          	mov    -0x20(%rbp),%rax
  a3:	48 89 48 20          	mov    %rcx,0x20(%rax)
  a7:	eb 0c                	jmp    b5 <_ZN7Library6RBTreeImPN6Memory4Page9allocatorILNS2_4TypeE0EE4zoneEE7RotateREPNS8_10RBTreeNodeE+0xb5>
  a9:	48 8b 4d e8          	mov    -0x18(%rbp),%rcx
  ad:	48 8b 45 e0          	mov    -0x20(%rbp),%rax
  b1:	48 89 48 28          	mov    %rcx,0x28(%rax)
  b5:	eb 00                	jmp    b7 <_ZN7Library6RBTreeImPN6Memory4Page9allocatorILNS2_4TypeE0EE4zoneEE7RotateREPNS8_10RBTreeNodeE+0xb7>
  b7:	48 8b 4d e0          	mov    -0x20(%rbp),%rcx
  bb:	48 8b 45 e8          	mov    -0x18(%rbp),%rax
  bf:	48 89 48 18          	mov    %rcx,0x18(%rax)
  c3:	48 8b 45 f0          	mov    -0x10(%rbp),%rax
  c7:	c7 40 10 00 00 00 00 	movl   $0x0,0x10(%rax)
  ce:	48 8b 45 e8          	mov    -0x18(%rbp),%rax
  d2:	c7 40 10 01 00 00 00 	movl   $0x1,0x10(%rax)
  d9:	48 83 c4 28          	add    $0x28,%rsp
  dd:	5d                   	pop    %rbp
  de:	c3                   	ret

Disassembly of section .group:

0000000000000000 <.group>:
   0:	01 00                	add    %eax,(%rax)
   2:	00 00                	add    %al,(%rax)
   4:	37                   	(bad)
   5:	00 00                	add    %al,(%rax)
   7:	00 38                	add    %bh,(%rax)
   9:	00 00                	add    %al,(%rax)
	...

Disassembly of section .text._ZN7Library6RBTreeImPN6Memory4Page9allocatorILNS2_4TypeE0EE4zoneEE8RotateLREPNS8_10RBTreeNodeE:

0000000000000000 <_ZN7Library6RBTreeImPN6Memory4Page9allocatorILNS2_4TypeE0EE4zoneEE8RotateLREPNS8_10RBTreeNodeE>:
   0:	55                   	push   %rbp
   1:	48 89 e5             	mov    %rsp,%rbp
   4:	48 83 ec 20          	sub    $0x20,%rsp
   8:	48 89 7d f8          	mov    %rdi,-0x8(%rbp)
   c:	48 89 75 f0          	mov    %rsi,-0x10(%rbp)
  10:	48 8b 7d f8          	mov    -0x8(%rbp),%rdi
  14:	48 89 7d e0          	mov    %rdi,-0x20(%rbp)
  18:	48 8b 45 f0          	mov    -0x10(%rbp),%rax
  1c:	48 8b 40 20          	mov    0x20(%rax),%rax
  20:	48 89 45 e8          	mov    %rax,-0x18(%rbp)
  24:	48 8b 75 e8          	mov    -0x18(%rbp),%rsi
  28:	e8 00 00 00 00       	call   2d <_ZN7Library6RBTreeImPN6Memory4Page9allocatorILNS2_4TypeE0EE4zoneEE8RotateLREPNS8_10RBTreeNodeE+0x2d>
  2d:	48 8b 7d e0          	mov    -0x20(%rbp),%rdi
  31:	48 8b 75 f0          	mov    -0x10(%rbp),%rsi
  35:	e8 00 00 00 00       	call   3a <_ZN7Library6RBTreeImPN6Memory4Page9allocatorILNS2_4TypeE0EE4zoneEE8RotateLREPNS8_10RBTreeNodeE+0x3a>
  3a:	48 83 c4 20          	add    $0x20,%rsp
  3e:	5d                   	pop    %rbp
  3f:	c3                   	ret

Disassembly of section .group:

0000000000000000 <.group>:
   0:	01 00                	add    %eax,(%rax)
   2:	00 00                	add    %al,(%rax)
   4:	3a 00                	cmp    (%rax),%al
	...

Disassembly of section .text._ZN7Library6RBTreeImPN6Memory4Page9allocatorILNS2_4TypeE0EE4zoneEE7RotateLEPNS8_10RBTreeNodeE:

0000000000000000 <_ZN7Library6RBTreeImPN6Memory4Page9allocatorILNS2_4TypeE0EE4zoneEE7RotateLEPNS8_10RBTreeNodeE>:
   0:	55                   	push   %rbp
   1:	48 89 e5             	mov    %rsp,%rbp
   4:	48 83 ec 28          	sub    $0x28,%rsp
   8:	48 89 7d f8          	mov    %rdi,-0x8(%rbp)
   c:	48 89 75 f0          	mov    %rsi,-0x10(%rbp)
  10:	48 8b 45 f8          	mov    -0x8(%rbp),%rax
  14:	48 89 45 d8          	mov    %rax,-0x28(%rbp)
  18:	48 8b 45 f0          	mov    -0x10(%rbp),%rax
  1c:	48 8b 40 28          	mov    0x28(%rax),%rax
  20:	48 89 45 e8          	mov    %rax,-0x18(%rbp)
  24:	48 8b 45 f0          	mov    -0x10(%rbp),%rax
  28:	48 8b 40 18          	mov    0x18(%rax),%rax
  2c:	48 89 45 e0          	mov    %rax,-0x20(%rbp)
  30:	48 8b 4d e8          	mov    -0x18(%rbp),%rcx
  34:	48 8b 45 f0          	mov    -0x10(%rbp),%rax
  38:	48 89 48 18          	mov    %rcx,0x18(%rax)
  3c:	48 8b 45 e8          	mov    -0x18(%rbp),%rax
  40:	48 8b 48 20          	mov    0x20(%rax),%rcx
  44:	48 8b 45 f0          	mov    -0x10(%rbp),%rax
  48:	48 89 48 28          	mov    %rcx,0x28(%rax)
  4c:	48 8b 45 e8          	mov    -0x18(%rbp),%rax
  50:	48 83 78 20 00       	cmpq   $0x0,0x20(%rax)
  55:	74 10                	je     67 <_ZN7Library6RBTreeImPN6Memory4Page9allocatorILNS2_4TypeE0EE4zoneEE7RotateLEPNS8_10RBTreeNodeE+0x67>
  57:	48 8b 4d f0          	mov    -0x10(%rbp),%rcx
  5b:	48 8b 45 e8          	mov    -0x18(%rbp),%rax
  5f:	48 8b 40 20          	mov    0x20(%rax),%rax
  63:	48 89 48 18          	mov    %rcx,0x18(%rax)
  67:	48 8b 4d d8          	mov    -0x28(%rbp),%rcx
  6b:	48 8b 55 f0          	mov    -0x10(%rbp),%rdx
  6f:	48 8b 45 e8          	mov    -0x18(%rbp),%rax
  73:	48 89 50 20          	mov    %rdx,0x20(%rax)
  77:	48 8b 45 f0          	mov    -0x10(%rbp),%rax
  7b:	48 3b 01             	cmp    (%rcx),%rax
  7e:	75 0d                	jne    8d <_ZN7Library6RBTreeImPN6Memory4Page9allocatorILNS2_4TypeE0EE4zoneEE7RotateLEPNS8_10RBTreeNodeE+0x8d>
  80:	48 8b 45 d8          	mov    -0x28(%rbp),%rax
  84:	48 8b 4d e8          	mov    -0x18(%rbp),%rcx
  88:	48 89 08             	mov    %rcx,(%rax)
  8b:	eb 2a                	jmp    b7 <_ZN7Library6RBTreeImPN6Memory4Page9allocatorILNS2_4TypeE0EE4zoneEE7RotateLEPNS8_10RBTreeNodeE+0xb7>
  8d:	48 8b 45 e0          	mov    -0x20(%rbp),%rax
  91:	48 8b 40 20          	mov    0x20(%rax),%rax
  95:	48 3b 45 f0          	cmp    -0x10(%rbp),%rax
  99:	75 0e                	jne    a9 <_ZN7Library6RBTreeImPN6Memory4Page9allocatorILNS2_4TypeE0EE4zoneEE7RotateLEPNS8_10RBTreeNodeE+0xa9>
  9b:	48 8b 4d e8          	mov    -0x18(%rbp),%rcx
  9f:	48 8b 45 e0          	mov    -0x20(%rbp),%rax
  a3:	48 89 48 20          	mov    %rcx,0x20(%rax)
  a7:	eb 0c                	jmp    b5 <_ZN7Library6RBTreeImPN6Memory4Page9allocatorILNS2_4TypeE0EE4zoneEE7RotateLEPNS8_10RBTreeNodeE+0xb5>
  a9:	48 8b 4d e8          	mov    -0x18(%rbp),%rcx
  ad:	48 8b 45 e0          	mov    -0x20(%rbp),%rax
  b1:	48 89 48 28          	mov    %rcx,0x28(%rax)
  b5:	eb 00                	jmp    b7 <_ZN7Library6RBTreeImPN6Memory4Page9allocatorILNS2_4TypeE0EE4zoneEE7RotateLEPNS8_10RBTreeNodeE+0xb7>
  b7:	48 8b 4d e0          	mov    -0x20(%rbp),%rcx
  bb:	48 8b 45 e8          	mov    -0x18(%rbp),%rax
  bf:	48 89 48 18          	mov    %rcx,0x18(%rax)
  c3:	48 8b 45 f0          	mov    -0x10(%rbp),%rax
  c7:	c7 40 10 00 00 00 00 	movl   $0x0,0x10(%rax)
  ce:	48 8b 45 e8          	mov    -0x18(%rbp),%rax
  d2:	c7 40 10 01 00 00 00 	movl   $0x1,0x10(%rax)
  d9:	48 83 c4 28          	add    $0x28,%rsp
  dd:	5d                   	pop    %rbp
  de:	c3                   	ret

Disassembly of section .group:

0000000000000000 <.group>:
   0:	01 00                	add    %eax,(%rax)
   2:	00 00                	add    %al,(%rax)
   4:	3c 00                	cmp    $0x0,%al
   6:	00 00                	add    %al,(%rax)
   8:	3d                   	.byte 0x3d
   9:	00 00                	add    %al,(%rax)
	...

Disassembly of section .text._ZN7Library6RBTreeImPN6Memory4Page9allocatorILNS2_4TypeE0EE4zoneEE8RotateRLEPNS8_10RBTreeNodeE:

0000000000000000 <_ZN7Library6RBTreeImPN6Memory4Page9allocatorILNS2_4TypeE0EE4zoneEE8RotateRLEPNS8_10RBTreeNodeE>:
   0:	55                   	push   %rbp
   1:	48 89 e5             	mov    %rsp,%rbp
   4:	48 83 ec 20          	sub    $0x20,%rsp
   8:	48 89 7d f8          	mov    %rdi,-0x8(%rbp)
   c:	48 89 75 f0          	mov    %rsi,-0x10(%rbp)
  10:	48 8b 7d f8          	mov    -0x8(%rbp),%rdi
  14:	48 89 7d e0          	mov    %rdi,-0x20(%rbp)
  18:	48 8b 45 f0          	mov    -0x10(%rbp),%rax
  1c:	48 8b 40 28          	mov    0x28(%rax),%rax
  20:	48 89 45 e8          	mov    %rax,-0x18(%rbp)
  24:	48 8b 75 e8          	mov    -0x18(%rbp),%rsi
  28:	e8 00 00 00 00       	call   2d <_ZN7Library6RBTreeImPN6Memory4Page9allocatorILNS2_4TypeE0EE4zoneEE8RotateRLEPNS8_10RBTreeNodeE+0x2d>
  2d:	48 8b 7d e0          	mov    -0x20(%rbp),%rdi
  31:	48 8b 75 f0          	mov    -0x10(%rbp),%rsi
  35:	e8 00 00 00 00       	call   3a <_ZN7Library6RBTreeImPN6Memory4Page9allocatorILNS2_4TypeE0EE4zoneEE8RotateRLEPNS8_10RBTreeNodeE+0x3a>
  3a:	48 83 c4 20          	add    $0x20,%rsp
  3e:	5d                   	pop    %rbp
  3f:	c3                   	ret

Disassembly of section .group:

0000000000000000 <.group>:
   0:	01 00                	add    %eax,(%rax)
   2:	00 00                	add    %al,(%rax)
   4:	41 00 00             	add    %al,(%r8)
	...

Disassembly of section .group:

0000000000000000 <.group>:
   0:	01 00                	add    %eax,(%rax)
   2:	00 00                	add    %al,(%rax)
   4:	43 00 00             	rex.XB add %al,(%r8)
	...

Disassembly of section .rodata.str1.1:

0000000000000000 <.L.str>:
   0:	48                   	rex.W
   1:	65 6c                	gs insb (%dx),%es:(%rdi)
   3:	6c                   	insb   (%dx),%es:(%rdi)
   4:	6f                   	outsl  %ds:(%rsi),(%dx)
   5:	20 77 6f             	and    %dh,0x6f(%rdi)
   8:	72 6c                	jb     76 <.L.str+0x76>
   a:	64 21 00             	and    %eax,%fs:(%rax)

Disassembly of section .group:

0000000000000000 <.group>:
   0:	01 00                	add    %eax,(%rax)
   2:	00 00                	add    %al,(%rax)
   4:	47 00 00             	rex.RXB add %r8b,(%r8)
	...

Disassembly of section .rodata._ZNSt15strong_ordering4lessE:

0000000000000000 <_ZNSt15strong_ordering4lessE>:
   0:	ff                   	.byte 0xff

Disassembly of section .group:

0000000000000000 <.group>:
   0:	01 00                	add    %eax,(%rax)
   2:	00 00                	add    %al,(%rax)
   4:	49 00 00             	rex.WB add %al,(%r8)
	...

Disassembly of section .rodata._ZNSt15strong_ordering7greaterE:

0000000000000000 <_ZNSt15strong_ordering7greaterE>:
   0:	01                   	.byte 0x1

Disassembly of section .init_array:

0000000000000000 <.init_array>:
	...

Disassembly of section .comment:

0000000000000000 <.comment>:
   0:	00 63 6c             	add    %ah,0x6c(%rbx)
   3:	61                   	(bad)
   4:	6e                   	outsb  %ds:(%rsi),(%dx)
   5:	67 20 76 65          	and    %dh,0x65(%esi)
   9:	72 73                	jb     7e <_ZN6Memory4Page22page_memory_initializeEP22limine_memmap_response+0x7e>
   b:	69 6f 6e 20 32 30 2e 	imul   $0x2e303220,0x6e(%rdi),%ebp
  12:	31 2e                	xor    %ebp,(%rsi)
  14:	37                   	(bad)
	...

Disassembly of section .llvm_addrsig:

0000000000000000 <.llvm_addrsig>:
   0:	0c 0e                	or     $0xe,%al
   2:	0f 12 14 06          	movlps (%rsi,%rax,1),%xmm2
   6:	28 24 29             	sub    %ah,(%rcx,%rbp,1)
   9:	1b 19                	sbb    (%rcx),%ebx
   b:	1a 1e                	sbb    (%rsi),%bl
   d:	1f                   	(bad)
   e:	20 21                	and    %ah,(%rcx)
  10:	22 23                	and    (%rbx),%ah
  12:	03 02                	add    (%rdx),%eax
  14:	0d 10 11 25 27       	or     $0x27251110,%eax
  19:	2a 2b                	sub    (%rbx),%ch
